ASxxxx Linker V03.00 + NoICE + sdld,  page 1.
Hexadecimal  [32-Bits]

Area                                    Addr        Size        Decimal Bytes (Attributes)
--------------------------------        ----        ----        ------- ----- ------------
IABS3                               00000000    00000001 =           1. bytes (ABS,CON)

      Value  Global                              Global Defined In Module
      -----  --------------------------------   ------------------------
     00000000  l_CABS                          
     00000000  l_GSINIT1                       
     00000000  l_GSINIT5                       
     00000000  l_IABS                          
     00000000  l_ISEG                          
     00000000  l_PSEG                          
     00000000  l_REG_BANK_2                    
     00000000  l_REG_BANK_3                    
     00000000  l_RSEG                          
     00000000  l_RSEG0                         
     00000000  l_RSEG1                         
     00000000  l_XABS                          
     00000000  l__CODE                         
     00000000  s_BSEG                          
     00000000  s_CABS                          
     00000000  s_DSEG                          
     00000000  s_HOME                          
     00000000  s_IABS                          
     00000000  s_IABS2                         
     00000000  s_IABS3                         
     00000000  s_ISEG                          
     00000000  s_REG_BANK_0                    
     00000000  s_RSEG                          
     00000000  s_RSEG0                         
     00000000  s_RSEG1                         
     00000000  s_XABS                          
     00000001  l_BIT_BANK                      
     00000001  l_BSEG_BYTES                    
     00000001  l_IABS3                         
     00000003  l_GSINIT0                       
     00000004  l_GSFINAL                       
     00000004  l_IABS2                         
     00000005  l_OSEG                          
     00000007  l_BSEG                          
     00000008  l_REG_BANK_0                    
     00000008  l_REG_BANK_1                    
     00000008  s_REG_BANK_1                    
     0000000A  l_GSINIT2                       
     0000000C  _timer0_overflow_count_5th_byte    main
     00000010  s_REG_BANK_2                    
     00000018  s_REG_BANK_3                    
     0000001B  s_OSEG                          
     0000001C  l_GSINIT                        
     00000020  s_BSEG_BYTES                    
     00000020  s__CODE                         
     00000021  s_BIT_BANK                      
     00000022  l_GSINIT3                       
     0000002A  l_GSINIT4                       
     0000002E  s_SSEG                          
     00000039  l_XINIT                         
ASxxxx Linker V03.00 + NoICE + sdld,  page 2.
Hexadecimal  [32-Bits]

Area                                    Addr        Size        Decimal Bytes (Attributes)
--------------------------------        ----        ----        ------- ----- ------------
IABS3                               00000000    00000001 =           1. bytes (ABS,CON)

      Value  Global                              Global Defined In Module
      -----  --------------------------------   ------------------------
     00000039  l_XISEG                         
     0000006B  l_HOME                          
     0000006B  s_GSINIT0                       
     0000006E  s_GSINIT1                       
     0000006E  s_GSINIT2                       
     00000078  s_GSINIT3                       
     00000080  l_DSEG                          
     0000009A  s_GSINIT4                       
     000000A6  l_XSEG                          
     000000C4  s_GSINIT                        
     000000C4  s_GSINIT5                       
     000000D2  l_SSEG                          
     000000E0  s_GSFINAL                       
     000000E4  s_CSEG                          
     00000100  l_IRAM                          
     0000010A  s_PSEG                          
     0000010A  s_XSEG                          
     000001B0  s_XISEG                         
     00000204  l_CONST                         
     00002906  l_CSEG                          
     000029EA  s_CONST                         
     00002BEE  s_XINIT                         
ASxxxx Linker V03.00 + NoICE + sdld,  page 3.
Hexadecimal  [32-Bits]

Area                                    Addr        Size        Decimal Bytes (Attributes)
--------------------------------        ----        ----        ------- ----- ------------
IABS2                               00000000    00000004 =           4. bytes (ABS,CON)

      Value  Global                              Global Defined In Module
      -----  --------------------------------   ------------------------
     00000008  _timer0_overflow_count             main

ASxxxx Linker V03.00 + NoICE + sdld,  page 4.
Hexadecimal  [32-Bits]

Area                                    Addr        Size        Decimal Bytes (Attributes)
--------------------------------        ----        ----        ------- ----- ------------
.  .ABS.                            00000000    00000000 =           0. bytes (ABS,CON)

      Value  Global                              Global Defined In Module
      -----  --------------------------------   ------------------------
     00000000  .__.ABS.                           _startup
     00000000  _Ep0Buffer                         USBhandler
     0000000A  _Ep1Buffer                         USBhandler
     00000080  _ADC_CHAN0                         HardwareSerial1ISR
     00000080  _ADC_CTRL                          HardwareSerial1ISR
     00000081  _ADC_CHAN1                         HardwareSerial1ISR
     00000081  _SP                                HardwareSerial1ISR
     00000082  _DPL                               HardwareSerial1ISR
     00000083  _CMP_CHAN                          HardwareSerial1ISR
     00000083  _DPH                               HardwareSerial1ISR
     00000084  _ADC_START                         HardwareSerial1ISR
     00000084  _ROM_ADDR_L                        HardwareSerial1ISR
     00000085  _ADC_IF                            HardwareSerial1ISR
     00000085  _ROM_ADDR_H                        HardwareSerial1ISR
     00000086  _CMP_IF                            HardwareSerial1ISR
     00000086  _ROM_CTRL                          HardwareSerial1ISR
     00000087  _CMPO                              HardwareSerial1ISR
     00000087  _PCON                              HardwareSerial1ISR
     00000088  _IT0                               HardwareSerial1ISR
     00000088  _TCON                              HardwareSerial1ISR
     00000089  _IE0                               HardwareSerial1ISR
     00000089  _TMOD                              HardwareSerial1ISR
     0000008A  _Ep2Buffer                         USBhandler
     0000008A  _IT1                               HardwareSerial1ISR
     0000008A  _TL0                               HardwareSerial1ISR
     0000008B  _IE1                               HardwareSerial1ISR
     0000008B  _TL1                               HardwareSerial1ISR
     0000008C  _TH0                               HardwareSerial1ISR
     0000008C  _TR0                               HardwareSerial1ISR
     0000008D  _TF0                               HardwareSerial1ISR
     0000008D  _TH1                               HardwareSerial1ISR
     0000008E  _ROM_DATA_L                        HardwareSerial1ISR
     0000008E  _TR1                               HardwareSerial1ISR
     0000008F  _ROM_DATA_H                        HardwareSerial1ISR
     0000008F  _TF1                               HardwareSerial1ISR
     00000090  _CAP1                              HardwareSerial1ISR
     00000090  _P1                                HardwareSerial1ISR
     00000090  _P1_0                              HardwareSerial1ISR
     00000090  _T2                                HardwareSerial1ISR
     00000090  _TIN0                              HardwareSerial1ISR
     00000091  _AIN0                              HardwareSerial1ISR
     00000091  _CAP2                              HardwareSerial1ISR
     00000091  _P1_1                              HardwareSerial1ISR
     00000091  _T2EX                              HardwareSerial1ISR
     00000091  _TIN1                              HardwareSerial1ISR
     00000091  _USB_C_CTRL                        HardwareSerial1ISR
     00000091  _VBUS2                             HardwareSerial1ISR
     00000092  _P1_2                              HardwareSerial1ISR
     00000092  _P1_MOD_OC                         HardwareSerial1ISR
     00000092  _RXD_                              HardwareSerial1ISR
ASxxxx Linker V03.00 + NoICE + sdld,  page 5.
Hexadecimal  [32-Bits]

Area                                    Addr        Size        Decimal Bytes (Attributes)
--------------------------------        ----        ----        ------- ----- ------------
.  .ABS.                            00000000    00000000 =           0. bytes (ABS,CON)

      Value  Global                              Global Defined In Module
      -----  --------------------------------   ------------------------
     00000093  _P1_3                              HardwareSerial1ISR
     00000093  _P1_DIR_PU                         HardwareSerial1ISR
     00000093  _TXD_                              HardwareSerial1ISR
     00000094  _AIN1                              HardwareSerial1ISR
     00000094  _CAP1_                             HardwareSerial1ISR
     00000094  _P1_4                              HardwareSerial1ISR
     00000094  _SCS                               HardwareSerial1ISR
     00000094  _T2_                               HardwareSerial1ISR
     00000094  _TIN2                              HardwareSerial1ISR
     00000094  _UCC1                              HardwareSerial1ISR
     00000095  _AIN2                              HardwareSerial1ISR
     00000095  _MOSI                              HardwareSerial1ISR
     00000095  _P1_5                              HardwareSerial1ISR
     00000095  _PWM1                              HardwareSerial1ISR
     00000095  _TIN3                              HardwareSerial1ISR
     00000095  _UCC2                              HardwareSerial1ISR
     00000096  _MISO                              HardwareSerial1ISR
     00000096  _P1_6                              HardwareSerial1ISR
     00000096  _P3_MOD_OC                         HardwareSerial1ISR
     00000096  _RXD1                              HardwareSerial1ISR
     00000096  _TIN4                              HardwareSerial1ISR
     00000097  _P1_7                              HardwareSerial1ISR
     00000097  _P3_DIR_PU                         HardwareSerial1ISR
     00000097  _SCK                               HardwareSerial1ISR
     00000097  _TIN5                              HardwareSerial1ISR
     00000097  _TXD1                              HardwareSerial1ISR
     00000098  _RI                                HardwareSerial1ISR
     00000098  _SCON                              HardwareSerial1ISR
     00000099  _SBUF                              HardwareSerial1ISR
     00000099  _TI                                HardwareSerial1ISR
     0000009A  _ADC_CFG                           HardwareSerial1ISR
     0000009A  _RB8                               HardwareSerial1ISR
     0000009B  _PWM_DATA2                         HardwareSerial1ISR
     0000009B  _TB8                               HardwareSerial1ISR
     0000009C  _PWM_DATA1                         HardwareSerial1ISR
     0000009C  _REN                               HardwareSerial1ISR
     0000009D  _PWM_CTRL                          HardwareSerial1ISR
     0000009D  _SM2                               HardwareSerial1ISR
     0000009E  _PWM_CK_SE                         HardwareSerial1ISR
     0000009E  _SM1                               HardwareSerial1ISR
     0000009F  _ADC_DATA                          HardwareSerial1ISR
     0000009F  _SM0                               HardwareSerial1ISR
     000000A0  _P2                                HardwareSerial1ISR
     000000A0  __XPAGE                            
     000000A1  _SAFE_MOD                          HardwareSerial1ISR
     000000A2  _XBUS_AUX                          HardwareSerial1ISR
     000000A8  _EX0                               HardwareSerial1ISR
     000000A8  _IE                                HardwareSerial1ISR
     000000A9  _ET0                               HardwareSerial1ISR
     000000A9  _WAKE_CTRL                         HardwareSerial1ISR
     000000AA  _EX1                               HardwareSerial1ISR
ASxxxx Linker V03.00 + NoICE + sdld,  page 6.
Hexadecimal  [32-Bits]

Area                                    Addr        Size        Decimal Bytes (Attributes)
--------------------------------        ----        ----        ------- ----- ------------
.  .ABS.                            00000000    00000000 =           0. bytes (ABS,CON)

      Value  Global                              Global Defined In Module
      -----  --------------------------------   ------------------------
     000000AB  _ET1                               HardwareSerial1ISR
     000000AC  _ES                                HardwareSerial1ISR
     000000AD  _ET2                               HardwareSerial1ISR
     000000AE  _E_DIS                             HardwareSerial1ISR
     000000AF  _EA                                HardwareSerial1ISR
     000000B0  _P3                                HardwareSerial1ISR
     000000B0  _P3_0                              HardwareSerial1ISR
     000000B0  _PWM1_                             HardwareSerial1ISR
     000000B0  _RXD                               HardwareSerial1ISR
     000000B1  _GLOBAL_CFG                        HardwareSerial1ISR
     000000B1  _P3_1                              HardwareSerial1ISR
     000000B1  _PWM2_                             HardwareSerial1ISR
     000000B1  _TXD                               HardwareSerial1ISR
     000000B2  _AIN3                              HardwareSerial1ISR
     000000B2  _INT0                              HardwareSerial1ISR
     000000B2  _P3_2                              HardwareSerial1ISR
     000000B2  _TXD1_                             HardwareSerial1ISR
     000000B2  _VBUS1                             HardwareSerial1ISR
     000000B3  _INT1                              HardwareSerial1ISR
     000000B3  _P3_3                              HardwareSerial1ISR
     000000B4  _P3_4                              HardwareSerial1ISR
     000000B4  _PWM2                              HardwareSerial1ISR
     000000B4  _RXD1_                             HardwareSerial1ISR
     000000B4  _T0                                HardwareSerial1ISR
     000000B5  _P3_5                              HardwareSerial1ISR
     000000B5  _T1                                HardwareSerial1ISR
     000000B6  _P3_6                              HardwareSerial1ISR
     000000B6  _UDP                               HardwareSerial1ISR
     000000B7  _P3_7                              HardwareSerial1ISR
     000000B7  _UDM                               HardwareSerial1ISR
     000000B8  _IP                                HardwareSerial1ISR
     000000B8  _PX0                               HardwareSerial1ISR
     000000B9  _CLOCK_CFG                         HardwareSerial1ISR
     000000B9  _PT0                               HardwareSerial1ISR
     000000BA  _PX1                               HardwareSerial1ISR
     000000BB  _PT1                               HardwareSerial1ISR
     000000BC  _PS                                HardwareSerial1ISR
     000000BD  _PT2                               HardwareSerial1ISR
     000000BE  _PL_FLAG                           HardwareSerial1ISR
     000000BF  _PH_FLAG                           HardwareSerial1ISR
     000000C0  _SCON1                             HardwareSerial1ISR
     000000C0  _U1RI                              HardwareSerial1ISR
     000000C1  _SBUF1                             HardwareSerial1ISR
     000000C1  _U1TI                              HardwareSerial1ISR
     000000C2  _SBAUD1                            HardwareSerial1ISR
     000000C2  _U1RB8                             HardwareSerial1ISR
     000000C3  _TKEY_CTRL                         HardwareSerial1ISR
     000000C3  _U1TB8                             HardwareSerial1ISR
     000000C4  _TKEY_DATL                         HardwareSerial1ISR
     000000C4  _U1REN                             HardwareSerial1ISR
     000000C5  _TKEY_DATH                         HardwareSerial1ISR
ASxxxx Linker V03.00 + NoICE + sdld,  page 7.
Hexadecimal  [32-Bits]

Area                                    Addr        Size        Decimal Bytes (Attributes)
--------------------------------        ----        ----        ------- ----- ------------
.  .ABS.                            00000000    00000000 =           0. bytes (ABS,CON)

      Value  Global                              Global Defined In Module
      -----  --------------------------------   ------------------------
     000000C5  _U1SMOD                            HardwareSerial1ISR
     000000C6  _PIN_FUNC                          HardwareSerial1ISR
     000000C7  _GPIO_IE                           HardwareSerial1ISR
     000000C7  _U1SM0                             HardwareSerial1ISR
     000000C8  _CP_RL2                            HardwareSerial1ISR
     000000C8  _T2CON                             HardwareSerial1ISR
     000000C9  _C_T2                              HardwareSerial1ISR
     000000C9  _T2MOD                             HardwareSerial1ISR
     000000CA  _RCAP2L                            HardwareSerial1ISR
     000000CA  _TR2                               HardwareSerial1ISR
     000000CB  _EXEN2                             HardwareSerial1ISR
     000000CB  _RCAP2H                            HardwareSerial1ISR
     000000CC  _TCLK                              HardwareSerial1ISR
     000000CC  _TL2                               HardwareSerial1ISR
     000000CD  _RCLK                              HardwareSerial1ISR
     000000CD  _TH2                               HardwareSerial1ISR
     000000CE  _EXF2                              HardwareSerial1ISR
     000000CE  _T2CAP1L                           HardwareSerial1ISR
     000000CF  _CAP1F                             HardwareSerial1ISR
     000000CF  _T2CAP1H                           HardwareSerial1ISR
     000000CF  _TF2                               HardwareSerial1ISR
     000000D0  _P                                 HardwareSerial1ISR
     000000D0  _PSW                               HardwareSerial1ISR
     000000D1  _F1                                HardwareSerial1ISR
     000000D1  _UDEV_CTRL                         HardwareSerial1ISR
     000000D2  _OV                                HardwareSerial1ISR
     000000D2  _UEP1_CTRL                         HardwareSerial1ISR
     000000D3  _RS0                               HardwareSerial1ISR
     000000D3  _UEP1_T_LEN                        HardwareSerial1ISR
     000000D4  _RS1                               HardwareSerial1ISR
     000000D4  _UEP2_CTRL                         HardwareSerial1ISR
     000000D5  _F0                                HardwareSerial1ISR
     000000D5  _UEP2_T_LEN                        HardwareSerial1ISR
     000000D6  _AC                                HardwareSerial1ISR
     000000D6  _UEP3_CTRL                         HardwareSerial1ISR
     000000D7  _CY                                HardwareSerial1ISR
     000000D7  _UEP3_T_LEN                        HardwareSerial1ISR
     000000D8  _UIF_BUS_RST                       HardwareSerial1ISR
     000000D8  _UIF_DETECT                        HardwareSerial1ISR
     000000D8  _USB_INT_FG                        HardwareSerial1ISR
     000000D9  _UIF_TRANSFER                      HardwareSerial1ISR
     000000D9  _USB_INT_ST                        HardwareSerial1ISR
     000000DA  _UIF_SUSPEND                       HardwareSerial1ISR
     000000DA  _USB_MIS_ST                        HardwareSerial1ISR
     000000DB  _UIF_HST_SOF                       HardwareSerial1ISR
     000000DB  _USB_RX_LEN                        HardwareSerial1ISR
     000000DC  _UEP0_CTRL                         HardwareSerial1ISR
     000000DC  _UIF_FIFO_OV                       HardwareSerial1ISR
     000000DD  _UEP0_T_LEN                        HardwareSerial1ISR
     000000DD  _U_SIE_FREE                        HardwareSerial1ISR
     000000DE  _UEP4_CTRL                         HardwareSerial1ISR
ASxxxx Linker V03.00 + NoICE + sdld,  page 8.
Hexadecimal  [32-Bits]

Area                                    Addr        Size        Decimal Bytes (Attributes)
--------------------------------        ----        ----        ------- ----- ------------
.  .ABS.                            00000000    00000000 =           0. bytes (ABS,CON)

      Value  Global                              Global Defined In Module
      -----  --------------------------------   ------------------------
     000000DE  _U_TOG_OK                          HardwareSerial1ISR
     000000DF  _UEP4_T_LEN                        HardwareSerial1ISR
     000000DF  _U_IS_NAK                          HardwareSerial1ISR
     000000E0  _ACC                               HardwareSerial1ISR
     000000E1  _USB_INT_EN                        HardwareSerial1ISR
     000000E2  _USB_CTRL                          HardwareSerial1ISR
     000000E3  _USB_DEV_AD                        HardwareSerial1ISR
     000000E4  _UEP2_DMA_L                        HardwareSerial1ISR
     000000E5  _UEP2_DMA_H                        HardwareSerial1ISR
     000000E6  _UEP3_DMA_L                        HardwareSerial1ISR
     000000E7  _UEP3_DMA_H                        HardwareSerial1ISR
     000000E8  _IE_EX                             HardwareSerial1ISR
     000000E8  _IE_SPI0                           HardwareSerial1ISR
     000000E9  _IE_TKEY                           HardwareSerial1ISR
     000000E9  _IP_EX                             HardwareSerial1ISR
     000000EA  _IE_USB                            HardwareSerial1ISR
     000000EA  _UEP4_1_MOD                        HardwareSerial1ISR
     000000EB  _IE_ADC                            HardwareSerial1ISR
     000000EB  _UEP2_3_MOD                        HardwareSerial1ISR
     000000EC  _IE_UART1                          HardwareSerial1ISR
     000000EC  _UEP0_DMA_L                        HardwareSerial1ISR
     000000ED  _IE_PWMX                           HardwareSerial1ISR
     000000ED  _UEP0_DMA_H                        HardwareSerial1ISR
     000000EE  _IE_GPIO                           HardwareSerial1ISR
     000000EE  _UEP1_DMA_L                        HardwareSerial1ISR
     000000EF  _IE_WDOG                           HardwareSerial1ISR
     000000EF  _UEP1_DMA_H                        HardwareSerial1ISR
     000000F0  _B                                 HardwareSerial1ISR
     000000F5  _B_5                               _gptrget
     000000F6  _B_6                               _gptrget
     000000F7  _B_7                               _gptrget
     000000F8  _S0_R_FIFO                         HardwareSerial1ISR
     000000F8  _SPI0_STAT                         HardwareSerial1ISR
     000000F9  _SPI0_DATA                         HardwareSerial1ISR
     000000FA  _S0_T_FIFO                         HardwareSerial1ISR
     000000FA  _SPI0_CTRL                         HardwareSerial1ISR
     000000FB  _S0_FREE                           HardwareSerial1ISR
     000000FB  _SPI0_CK_SE                        HardwareSerial1ISR
     000000FC  _S0_IF_BYTE                        HardwareSerial1ISR
     000000FC  _SPI0_SETUP                        HardwareSerial1ISR
     000000FD  _S0_IF_FIRST                       HardwareSerial1ISR
     000000FE  _RESET_KEEP                        HardwareSerial1ISR
     000000FE  _S0_IF_OV                          HardwareSerial1ISR
     000000FF  _S0_FST_ACT                        HardwareSerial1ISR
     000000FF  _WDOG_COUNT                        HardwareSerial1ISR
     00008584  _ROM_ADDR                          HardwareSerial1ISR
     00008F8E  _ROM_DATA                          HardwareSerial1ISR
     0000C5C4  _TKEY_DAT                          HardwareSerial1ISR
     0000CBCA  _RCAP2                             HardwareSerial1ISR
     0000CDCC  _T2COUNT                           HardwareSerial1ISR
     0000CFCE  _T2CAP1                            HardwareSerial1ISR
ASxxxx Linker V03.00 + NoICE + sdld,  page 9.
Hexadecimal  [32-Bits]

Area                                    Addr        Size        Decimal Bytes (Attributes)
--------------------------------        ----        ----        ------- ----- ------------
.  .ABS.                            00000000    00000000 =           0. bytes (ABS,CON)

      Value  Global                              Global Defined In Module
      -----  --------------------------------   ------------------------
     0000E5E4  _UEP2_DMA                          HardwareSerial1ISR
     0000E7E6  _UEP3_DMA                          HardwareSerial1ISR
     0000EDEC  _UEP0_DMA                          HardwareSerial1ISR
     0000EFEE  _UEP1_DMA                          HardwareSerial1ISR
ASxxxx Linker V03.00 + NoICE + sdld,  page 10.
Hexadecimal  [32-Bits]

Area                                    Addr        Size        Decimal Bytes (Attributes)
--------------------------------        ----        ----        ------- ----- ------------
BSEG_BYTES                          00000020    00000001 =           1. bytes (REL,CON)

      Value  Global                              Global Defined In Module
      -----  --------------------------------   ------------------------
ASxxxx Linker V03.00 + NoICE + sdld,  page 11.
Hexadecimal  [32-Bits]

Area                                    Addr        Size        Decimal Bytes (Attributes)
--------------------------------        ----        ----        ------- ----- ------------
REG_BANK_0                          00000000    00000008 =           8. bytes (REL,OVR)

      Value  Global                              Global Defined In Module
      -----  --------------------------------   ------------------------
ASxxxx Linker V03.00 + NoICE + sdld,  page 12.
Hexadecimal  [32-Bits]

Area                                    Addr        Size        Decimal Bytes (Attributes)
--------------------------------        ----        ----        ------- ----- ------------
REG_BANK_1                          00000008    00000008 =           8. bytes (REL,OVR)

      Value  Global                              Global Defined In Module
      -----  --------------------------------   ------------------------
ASxxxx Linker V03.00 + NoICE + sdld,  page 13.
Hexadecimal  [32-Bits]

Area                                    Addr        Size        Decimal Bytes (Attributes)
--------------------------------        ----        ----        ------- ----- ------------
BIT_BANK                            00000021    00000001 =           1. bytes (REL,OVR)

      Value  Global                              Global Defined In Module
      -----  --------------------------------   ------------------------
ASxxxx Linker V03.00 + NoICE + sdld,  page 14.
Hexadecimal  [32-Bits]

Area                                    Addr        Size        Decimal Bytes (Attributes)
--------------------------------        ----        ----        ------- ----- ------------
DSEG                                00000000    00000080 =         128. bytes (REL,CON)

      Value  Global                              Global Defined In Module
      -----  --------------------------------   ------------------------
     00000010  _SetupLen                          USBhandler
     00000012  _SetupReq                          USBhandler
     00000013  _pDescr                            USBhandler
     0000001A  _bp                                _bp

ASxxxx Linker V03.00 + NoICE + sdld,  page 15.
Hexadecimal  [32-Bits]

Area                                    Addr        Size        Decimal Bytes (Attributes)
--------------------------------        ----        ----        ------- ----- ------------
OSEG                                0000001B    00000005 =           5. bytes (REL,OVR)

      Value  Global                              Global Defined In Module
      -----  --------------------------------   ------------------------
ASxxxx Linker V03.00 + NoICE + sdld,  page 16.
Hexadecimal  [32-Bits]

Area                                    Addr        Size        Decimal Bytes (Attributes)
--------------------------------        ----        ----        ------- ----- ------------
SSEG                                0000002E    000000D2 =         210. bytes (REL,OVR)

      Value  Global                              Global Defined In Module
      -----  --------------------------------   ------------------------
     0000002E  __start__stack                     main

ASxxxx Linker V03.00 + NoICE + sdld,  page 17.
Hexadecimal  [32-Bits]

Area                                    Addr        Size        Decimal Bytes (Attributes)
--------------------------------        ----        ----        ------- ----- ------------
XSEG                                0000010A    000000A6 =         166. bytes (REL,CON,XDATA)

      Value  Global                              Global Defined In Module
      -----  --------------------------------   ------------------------
D:   00000128  _Mouse_move_PARM_2                 USBHIDKeyboardMouse
D:   00000129  _UsbConfig                         USBhandler
D:   0000012A  _rgb_buffer                        rgbLight
D:   00000133  _rgb_state                         rgbLight
D:   00000137  _hsv_to_rgb_impl_PARM_2            rgbLight
D:   00000138  _hsv_to_rgb_impl_PARM_3            rgbLight
D:   00000139  _hsv_to_rgb_impl_PARM_4            rgbLight
D:   0000013C  _hsv_to_rgb_impl_PARM_5            rgbLight
D:   0000013F  _hsv_to_rgb_impl_PARM_6            rgbLight
D:   00000143  _hsv_to_rgb_PARM_1                 rgbLight
D:   00000144  _hsv_to_rgb_PARM_2                 rgbLight
D:   00000145  _hsv_to_rgb_PARM_3                 rgbLight
D:   00000149  _rgb_set_color_PARM_2              rgbLight
D:   0000014A  _rgb_set_color_PARM_3              rgbLight
D:   0000014B  _rgb_set_color_PARM_4              rgbLight
D:   0000014D  _rgb_set_color_all_PARM_2          rgbLight
D:   0000014E  _rgb_set_color_all_PARM_3          rgbLight
D:   00000150  _rgb_matrix_sethsv_noeeprom_PARM   rgbLight
D:   00000151  _rgb_matrix_sethsv_noeeprom_PARM   rgbLight
D:   00000156  _dynamic_keymap_get_keycode_PARM   via
D:   00000157  _dynamic_keymap_get_keycode_PARM   via
D:   00000158  _press_qmk_key_PARM_2              via
D:   00000159  _press_qmk_key_PARM_3              via
D:   0000015A  _press_qmk_key_PARM_4              via
D:   0000015B  _eeprom_write_byte_PARM_2          eeprom
D:   0000015C  ___memcpy_PARM_2                   __memcpy
D:   0000015F  ___memcpy_PARM_3                   __memcpy
D:   00000164  _memset_PARM_2                     _memset
D:   00000165  _memset_PARM_3                     _memset
D:   00000167  _pinMode_PARM_2                    wiring_digital
D:   00000168  _digitalWrite_PARM_2               wiring_digital
D:   00000169  _analogWrite_PARM_2                wiring_analog
D:   0000016B  _serial0Initialized                HardwareSerial0
D:   0000016C  __gptrput_PARM_2                   _gptrput
D:   0000016D  _Receive_Uart0_Buf                 HardwareSerial0ISR
D:   0000017D  _Transmit_Uart0_Buf                HardwareSerial0ISR
D:   0000018D  _attachInterrupt_PARM_2            WInterrupts
D:   0000018F  _attachInterrupt_PARM_3            WInterrupts
D:   00000190  _Receive_Uart1_Buf                 HardwareSerial1ISR
D:   000001A0  _Transmit_Uart1_Buf                HardwareSerial1ISR

ASxxxx Linker V03.00 + NoICE + sdld,  page 18.
Hexadecimal  [32-Bits]

Area                                    Addr        Size        Decimal Bytes (Attributes)
--------------------------------        ----        ----        ------- ----- ------------
XISEG                               000001B0    00000039 =          57. bytes (REL,CON,XDATA)

      Value  Global                              Global Defined In Module
      -----  --------------------------------   ------------------------
D:   000001B0  _dummy_variable                    qmkCompatibleKeyboard_ino
D:   000001B2  _button1Prev                       qmkCompatibleKeyboard_ino
D:   000001B3  _button1Pressed                    qmkCompatibleKeyboard_ino
D:   000001B4  _button1PressTime                  qmkCompatibleKeyboard_ino
D:   000001B8  _hall1Pressed                      qmkCompatibleKeyboard_ino
D:   000001B9  _hall2Pressed                      qmkCompatibleKeyboard_ino
D:   000001BA  _hall3Pressed                      qmkCompatibleKeyboard_ino
D:   000001BB  _previousKeyScanMillis             qmkCompatibleKeyboard_ino
D:   000001BF  _layerInUse                        qmkCompatibleKeyboard_ino
D:   000001C0  _keyboardLedStatus                 USBHIDKeyboardMouse
D:   000001C1  _UpPoint1_Busy                     USBHIDKeyboardMouse
D:   000001C2  _UpPoint2_Busy                     USBHIDKeyboardMouse
D:   000001C3  _HIDKey                            USBHIDKeyboardMouse
D:   000001CB  _HIDMouse                          USBHIDKeyboardMouse
D:   000001CF  _HIDConsumer                       USBHIDKeyboardMouse
D:   000001D1  _HIDSystem                         USBHIDKeyboardMouse
D:   000001D2  _usbMsgFlags                       USBhandler
D:   000001D3  _setups_data                       osDetection
D:   000001DA  _viaCmdReceived                    via
D:   000001DB  _touchKeyHandler                   main
D:   000001DD  _uart0_rx_buffer_head              HardwareSerial0ISR
D:   000001DE  _uart0_rx_buffer_tail              HardwareSerial0ISR
D:   000001DF  _uart0_tx_buffer_head              HardwareSerial0ISR
D:   000001E0  _uart0_tx_buffer_tail              HardwareSerial0ISR
D:   000001E1  _intFunc                           WInterrupts
D:   000001E5  _uart1_rx_buffer_head              HardwareSerial1ISR
D:   000001E6  _uart1_rx_buffer_tail              HardwareSerial1ISR
D:   000001E7  _uart1_tx_buffer_head              HardwareSerial1ISR
D:   000001E8  _uart1_tx_buffer_tail              HardwareSerial1ISR

ASxxxx Linker V03.00 + NoICE + sdld,  page 19.
Hexadecimal  [32-Bits]

Area                                    Addr        Size        Decimal Bytes (Attributes)
--------------------------------        ----        ----        ------- ----- ------------
HOME                                00000000    0000006B =         107. bytes (REL,CON,CODE)

      Value  Global                              Global Defined In Module
      -----  --------------------------------   ------------------------
C:   00000066  __sdcc_program_startup             main
C:   00000069  __sdcc_call_dptr                   

ASxxxx Linker V03.00 + NoICE + sdld,  page 20.
Hexadecimal  [32-Bits]

Area                                    Addr        Size        Decimal Bytes (Attributes)
--------------------------------        ----        ----        ------- ----- ------------
GSINIT0                             0000006B    00000003 =           3. bytes (REL,CON,CODE)

      Value  Global                              Global Defined In Module
      -----  --------------------------------   ------------------------
C:   0000006B  __sdcc_gsinit_startup              

ASxxxx Linker V03.00 + NoICE + sdld,  page 21.
Hexadecimal  [32-Bits]

Area                                    Addr        Size        Decimal Bytes (Attributes)
--------------------------------        ----        ----        ------- ----- ------------
GSINIT2                             0000006E    0000000A =          10. bytes (REL,CON,CODE)

      Value  Global                              Global Defined In Module
      -----  --------------------------------   ------------------------
ASxxxx Linker V03.00 + NoICE + sdld,  page 22.
Hexadecimal  [32-Bits]

Area                                    Addr        Size        Decimal Bytes (Attributes)
--------------------------------        ----        ----        ------- ----- ------------
GSINIT3                             00000078    00000022 =          34. bytes (REL,CON,CODE)

      Value  Global                              Global Defined In Module
      -----  --------------------------------   ------------------------
C:   00000078  __mcs51_genXINIT                   

ASxxxx Linker V03.00 + NoICE + sdld,  page 23.
Hexadecimal  [32-Bits]

Area                                    Addr        Size        Decimal Bytes (Attributes)
--------------------------------        ----        ----        ------- ----- ------------
GSINIT4                             0000009A    0000002A =          42. bytes (REL,CON,CODE)

      Value  Global                              Global Defined In Module
      -----  --------------------------------   ------------------------
C:   0000009A  __mcs51_genRAMCLEAR                
C:   000000A0  __mcs51_genXRAMCLEAR               

ASxxxx Linker V03.00 + NoICE + sdld,  page 24.
Hexadecimal  [32-Bits]

Area                                    Addr        Size        Decimal Bytes (Attributes)
--------------------------------        ----        ----        ------- ----- ------------
GSINIT                              000000C4    0000001C =          28. bytes (REL,CON,CODE)

      Value  Global                              Global Defined In Module
      -----  --------------------------------   ------------------------
ASxxxx Linker V03.00 + NoICE + sdld,  page 25.
Hexadecimal  [32-Bits]

Area                                    Addr        Size        Decimal Bytes (Attributes)
--------------------------------        ----        ----        ------- ----- ------------
GSFINAL                             000000E0    00000004 =           4. bytes (REL,CON,CODE)

      Value  Global                              Global Defined In Module
      -----  --------------------------------   ------------------------
ASxxxx Linker V03.00 + NoICE + sdld,  page 26.
Hexadecimal  [32-Bits]

Area                                    Addr        Size        Decimal Bytes (Attributes)
--------------------------------        ----        ----        ------- ----- ------------
CSEG                                000000E4    00002906 =       10502. bytes (REL,CON,CODE)

      Value  Global                              Global Defined In Module
      -----  --------------------------------   ------------------------
C:   000000E4  _readHallADC                       qmkCompatibleKeyboard_ino
C:   000000F5  _encoder_read                      qmkCompatibleKeyboard_ino
C:   000001B3  _setup                             qmkCompatibleKeyboard_ino
C:   000002B6  _loop                              qmkCompatibleKeyboard_ino
C:   000005BA  _USBInit                           USBHIDKeyboardMouse
C:   000005CD  _USB_EP1_IN                        USBHIDKeyboardMouse
C:   000005DE  _USB_EP2_IN                        USBHIDKeyboardMouse
C:   000005EF  _USB_EP1_OUT                       USBHIDKeyboardMouse
C:   00000604  _USB_EP2_OUT                       USBHIDKeyboardMouse
C:   0000060B  _USB_EP1_send                      USBHIDKeyboardMouse
C:   00000711  _USB_EP2_send                      USBHIDKeyboardMouse
C:   00000754  _Keyboard_quantum_modifier_press   USBHIDKeyboardMouse
C:   0000076B  _Keyboard_quantum_modifier_relea   USBHIDKeyboardMouse
C:   00000785  _Keyboard_quantum_regular_press    USBHIDKeyboardMouse
C:   000007F7  _Keyboard_quantum_regular_releas   USBHIDKeyboardMouse
C:   00000824  _Keyboard_releaseAll               USBHIDKeyboardMouse
C:   00000840  _Keyboard_getLEDStatus             USBHIDKeyboardMouse
C:   00000847  _Mouse_press                       USBHIDKeyboardMouse
C:   0000085E  _Mouse_release                     USBHIDKeyboardMouse
C:   00000878  _Mouse_click                       USBHIDKeyboardMouse
C:   00000890  _Mouse_move                        USBHIDKeyboardMouse
C:   000008A9  _Mouse_scroll                      USBHIDKeyboardMouse
C:   000008BA  _Consumer_press                    USBHIDKeyboardMouse
C:   000008D6  _Consumer_release                  USBHIDKeyboardMouse
C:   000008E9  _System_press                      USBHIDKeyboardMouse
C:   00000907  _System_release                    USBHIDKeyboardMouse
C:   00000916  _USB_EP0_SETUP                     USBhandler
C:   00000D1B  _USB_EP0_IN                        USBhandler
C:   00000D94  _USB_EP0_OUT                       USBhandler
C:   00000D9B  _USBInterrupt                      USBhandler
C:   00000E73  _USBDeviceCfg                      USBhandler
C:   00000E8C  _USBDeviceIntCfg                   USBhandler
C:   00000E9D  _USBDeviceEndPointCfg              USBhandler
C:   00000EC6  _make_guess                        osDetection
C:   00000F65  _OS_detect_process_wlength         osDetection
C:   00000FB6  _detected_host_os                  osDetection
C:   00000FBD  _erase_wlength_data                osDetection
C:   00000FD4  _rgb_show                          rgbLight
C:   00000FE9  _hsv_to_rgb_impl                   rgbLight
C:   000012D8  _hsv_to_rgb                        rgbLight
C:   0000137D  _rgb_init                          rgbLight
C:   000013DF  _rgb_set_color                     rgbLight
C:   00001433  _rgb_set_color_all                 rgbLight
C:   00001494  _rgb_matrix_sethsv_noeeprom        rgbLight
C:   000014B2  _rgb_matrix_toggle_noeeprom        rgbLight
C:   000014C4  _rgb_update_display                rgbLight
C:   00001542  _raw_hid_send                      via
C:   00001545  _raw_hid_receive                   via
C:   0000154C  _dynamic_keymap_get_keycode        via
C:   00001591  _via_process                       via
ASxxxx Linker V03.00 + NoICE + sdld,  page 27.
Hexadecimal  [32-Bits]

Area                                    Addr        Size        Decimal Bytes (Attributes)
--------------------------------        ----        ----        ------- ----- ------------
CSEG                                000000E4    00002906 =       10502. bytes (REL,CON,CODE)

      Value  Global                              Global Defined In Module
      -----  --------------------------------   ------------------------
C:   0000186D  _press_qmk_key                     via
C:   00001C2A  _eeprom_write_byte                 eeprom
C:   00001C60  _eeprom_read_byte                  eeprom
C:   00001C70  _DeviceUSBInterrupt                main
C:   00001CAF  _Uart0_ISR                         main
C:   00001CFB  _Uart1_ISR                         main
C:   00001D47  _INT0_ISR                          main
C:   00001D9A  _INT1_ISR                          main
C:   00001DED  _TOUCHKEY_ISR                      main
C:   00001E41  _main                              main
C:   00001E4C  ___sdcc_external_startup           main
C:   00001E50  ___memcpy                          __memcpy
C:   00001EC4  _memset                            _memset
C:   00001EEC  _pinMode                           wiring_digital
C:   00001FA3  _digitalRead                       wiring_digital
C:   00001FF3  _digitalWrite                      wiring_digital
C:   00002068  _analogRead                        wiring_analog
C:   0000208D  _analogWrite                       wiring_analog
C:   00002144  _Timer0Interrupt                   wiring
C:   0000215D  _micros                            wiring
C:   000021FD  _millis                            wiring
C:   00002246  _delay                             wiring
C:   000022F7  _delayMicroseconds                 wiring
C:   00002330  _init                              wiring
C:   00002364  _Serial0                           HardwareSerial0
C:   0000236B  _Serial0_begin                     HardwareSerial0
C:   00002440  _Serial0_write                     HardwareSerial0
C:   000024CF  _Serial0_flush                     HardwareSerial0
C:   000024D3  _Serial0_available                 HardwareSerial0
C:   000024E9  _Serial0_read                      HardwareSerial0
C:   0000251C  __gptrput                          _gptrput
C:   00002537  __mulint                           _mulint
C:   000025D5  _uart0IntRxHandler                 HardwareSerial0ISR
C:   00002615  _uart0IntTxHandler                 HardwareSerial0ISR
C:   00002663  _GPIOInterrupt                     weakOverrideGPIO
C:   00002665  _Timer2Interrupt                   weakOverrideTimer2
C:   00002667  __divulong                         _divulong
C:   000026F1  _neopixel_show_long_P3_4           optionalLink_WS2812_P3_4
C:   00002715  _nothing                           WInterrupts
C:   00002716  _attachInterrupt                   WInterrupts
C:   0000275C  _detachInterrupt                   WInterrupts
C:   0000278D  __gptrget                          _gptrget
C:   000027A9  __modsint                          _modsint
C:   00002817  __moduint                          _moduint
C:   00002896  _uart1IntRxHandler                 HardwareSerial1ISR
C:   000028D6  _uart1IntTxHandler                 HardwareSerial1ISR
C:   00002924  __divsint                          _divsint
C:   0000299A  __divuint                          _divuint
C:   000029E6  __sdcc_external_startup            _startup
ASxxxx Linker V03.00 + NoICE + sdld,  page 28.
Hexadecimal  [32-Bits]

Area                                    Addr        Size        Decimal Bytes (Attributes)
--------------------------------        ----        ----        ------- ----- ------------
CONST                               000029EA    00000204 =         516. bytes (REL,CON,CODE)

      Value  Global                              Global Defined In Module
      -----  --------------------------------   ------------------------
C:   000029EA  _DeviceDescriptor                  USBconstant
C:   000029FC  _ConfigurationDescriptor           USBconstant
C:   00002A45  _ReportDescriptor                  USBconstant
C:   00002AF7  _RawHIDReportDescriptor            USBconstant
C:   00002B10  _LanguageDescriptor                USBconstant
C:   00002B14  _SerialDescriptor                  USBconstant
C:   00002B26  _ProductDescriptor                 USBconstant
C:   00002B3E  _ManufacturerDescriptor            USBconstant
C:   00002B4E  _digital_pin_to_pwm_PGM            wiring_digital
C:   00002B76  _digital_pin_to_port_PGM           wiring_digital
C:   00002B9E  _digital_pin_to_bit_mask_PGM       wiring_digital
C:   00002BC6  _digital_pin_to_channel_PGM        wiring_digital
ASxxxx Linker V03.00 + NoICE + sdld,  page 29.
Hexadecimal  [32-Bits]

Area                                    Addr        Size        Decimal Bytes (Attributes)
--------------------------------        ----        ----        ------- ----- ------------
XINIT                               00002BEE    00000039 =          57. bytes (REL,CON,CODE)

      Value  Global                              Global Defined In Module
      -----  --------------------------------   ------------------------
ASxxxx Linker V03.00 + NoICE + sdld,  page 30.

Files Linked                              [ module(s) ]

C:\Users\bitshen\AppData\Local\Temp\arduino\sketches\1DFD87E1D5558FEA9992E2551320BE72\sketch\qmkCompatibleKeyboard.ino.cpp.rel
                                          [  ]
C:\Users\bitshen\AppData\Local\Temp\arduino\sketches\1DFD87E1D5558FEA9992E2551320BE72\sketch\src\WS2812.c.rel
                                          [  ]
C:\Users\bitshen\AppData\Local\Temp\arduino\sketches\1DFD87E1D5558FEA9992E2551320BE72\sketch\src\userQmkCompatibleKeyboard\USBHIDKeyboardMouse.c.rel
                                          [  ]
C:\Users\bitshen\AppData\Local\Temp\arduino\sketches\1DFD87E1D5558FEA9992E2551320BE72\sketch\src\userQmkCompatibleKeyboard\USBconstant.c.rel
                                          [  ]
C:\Users\bitshen\AppData\Local\Temp\arduino\sketches\1DFD87E1D5558FEA9992E2551320BE72\sketch\src\userQmkCompatibleKeyboard\USBhandler.c.rel
                                          [  ]
C:\Users\bitshen\AppData\Local\Temp\arduino\sketches\1DFD87E1D5558FEA9992E2551320BE72\sketch\src\userQmkCompatibleKeyboard\osDetection.c.rel
                                          [  ]
C:\Users\bitshen\AppData\Local\Temp\arduino\sketches\1DFD87E1D5558FEA9992E2551320BE72\sketch\src\userQmkCompatibleKeyboard\rgbLight.c.rel
                                          [  ]
C:\Users\bitshen\AppData\Local\Temp\arduino\sketches\1DFD87E1D5558FEA9992E2551320BE72\sketch\src\userQmkCompatibleKeyboard\via.c.rel
                                          [  ]
C:\Users\bitshen\AppData\Local\Temp\arduino\sketches\1DFD87E1D5558FEA9992E2551320BE72\libraries\WS2812\WS2812.c.rel
                                          [  ]


Libraries Linked                          [ object file ]

C:\Users\bitshen\AppData\Local\Temp\arduino\sketches\1DFD87E1D5558FEA9992E2551320BE72/..\..\cores\9becc5894de6aaaf6e23db248649d931\core.lib
                                          [ eeprom.c.rel ]
C:\Users\bitshen\AppData\Local\Temp\arduino\sketches\1DFD87E1D5558FEA9992E2551320BE72/..\..\cores\9becc5894de6aaaf6e23db248649d931\core.lib
                                          [ main.c.rel ]
C:\Users\bitshen\AppData\Local\Arduino15\packages\CH55xDuino\tools\sdcc\build.13407_4/lib/large_int_calc_stack_auto/mcs51.lib
                                          [ crtclear.rel ]
C:\Users\bitshen\AppData\Local\Arduino15\packages\CH55xDuino\tools\sdcc\build.13407_4/lib/large_int_calc_stack_auto/libsdcc.lib
                                          [ __memcpy.rel ]
C:\Users\bitshen\AppData\Local\Arduino15\packages\CH55xDuino\tools\sdcc\build.13407_4/lib/large_int_calc_stack_auto/libsdcc.lib
                                          [ _memset.rel ]
C:\Users\bitshen\AppData\Local\Temp\arduino\sketches\1DFD87E1D5558FEA9992E2551320BE72/..\..\cores\9becc5894de6aaaf6e23db248649d931\core.lib
                                          [ wiring_digital.c.rel ]
C:\Users\bitshen\AppData\Local\Arduino15\packages\CH55xDuino\tools\sdcc\build.13407_4/lib/large_int_calc_stack_auto/mcs51.lib
                                          [ crtxinit.rel ]
C:\Users\bitshen\AppData\Local\Temp\arduino\sketches\1DFD87E1D5558FEA9992E2551320BE72/..\..\cores\9becc5894de6aaaf6e23db248649d931\core.lib
                                          [ wiring_analog.c.rel ]
C:\Users\bitshen\AppData\Local\Temp\arduino\sketches\1DFD87E1D5558FEA9992E2551320BE72/..\..\cores\9becc5894de6aaaf6e23db248649d931\core.lib
                                          [ wiring.c.rel ]
C:\Users\bitshen\AppData\Local\Temp\arduino\sketches\1DFD87E1D5558FEA9992E2551320BE72/..\..\cores\9becc5894de6aaaf6e23db248649d931\core.lib
                                          [ HardwareSerial0.c.rel ]
C:\Users\bitshen\AppData\Local\Arduino15\packages\CH55xDuino\tools\sdcc\build.13407_4/lib/large_int_calc_stack_auto/libsdcc.lib
                                          [ _gptrput.rel ]
C:\Users\bitshen\AppData\Local\Arduino15\packages\CH55xDuino\tools\sdcc\build.13407_4/lib/large_int_calc_stack_auto/libint.lib
                                          [ _mulint.rel ]
C:\Users\bitshen\AppData\Local\Temp\arduino\sketches\1DFD87E1D5558FEA9992E2551320BE72/..\..\cores\9becc5894de6aaaf6e23db248649d931\core.lib
                                          [ HardwareSerial0ISR.c.rel ]
C:\Users\bitshen\AppData\Local\Temp\arduino\sketches\1DFD87E1D5558FEA9992E2551320BE72/..\..\cores\9becc5894de6aaaf6e23db248649d931\core.lib
                                          [ weakOverrideGPIO.c.rel ]
C:\Users\bitshen\AppData\Local\Temp\arduino\sketches\1DFD87E1D5558FEA9992E2551320BE72/..\..\cores\9becc5894de6aaaf6e23db248649d931\core.lib
                                          [ weakOverrideTimer2.c.rel ]
C:\Users\bitshen\AppData\Local\Arduino15\packages\CH55xDuino\tools\sdcc\build.13407_4/lib/large_int_calc_stack_auto/mcs51.lib
                                          [ crtxclear.rel ]
C:\Users\bitshen\AppData\Local\Arduino15\packages\CH55xDuino\tools\sdcc\build.13407_4/lib/large_int_calc_stack_auto/liblong.lib
                                          [ _divulong.rel ]
C:\Users\bitshen\AppData\Local\Temp\arduino\sketches\1DFD87E1D5558FEA9992E2551320BE72/optionalLink.lib
                                          [ optionalLink_WS2812_P3_4.c.rel ]
C:\Users\bitshen\AppData\Local\Arduino15\packages\CH55xDuino\tools\sdcc\build.13407_4/lib/large_int_calc_stack_auto/mcs51.lib
                                          [ crtcall.rel ]
C:\Users\bitshen\AppData\Local\Arduino15\packages\CH55xDuino\tools\sdcc\build.13407_4/lib/large_int_calc_stack_auto/libsdcc.lib
                                          [ _bp.rel ]
C:\Users\bitshen\AppData\Local\Arduino15\packages\CH55xDuino\tools\sdcc\build.13407_4/lib/large_int_calc_stack_auto/mcs51.lib
                                          [ crtpagesfr.rel ]
C:\Users\bitshen\AppData\Local\Temp\arduino\sketches\1DFD87E1D5558FEA9992E2551320BE72/..\..\cores\9becc5894de6aaaf6e23db248649d931\core.lib
                                          [ WInterrupts.c.rel ]
C:\Users\bitshen\AppData\Local\Arduino15\packages\CH55xDuino\tools\sdcc\build.13407_4/lib/large_int_calc_stack_auto/mcs51.lib
                                          [ crtstart.rel ]
C:\Users\bitshen\AppData\Local\Arduino15\packages\CH55xDuino\tools\sdcc\build.13407_4/lib/large_int_calc_stack_auto/libsdcc.lib
                                          [ _gptrget.rel ]
C:\Users\bitshen\AppData\Local\Arduino15\packages\CH55xDuino\tools\sdcc\build.13407_4/lib/large_int_calc_stack_auto/libint.lib
                                          [ _modsint.rel ]
C:\Users\bitshen\AppData\Local\Arduino15\packages\CH55xDuino\tools\sdcc\build.13407_4/lib/large_int_calc_stack_auto/libint.lib
                                          [ _moduint.rel ]
C:\Users\bitshen\AppData\Local\Temp\arduino\sketches\1DFD87E1D5558FEA9992E2551320BE72/..\..\cores\9becc5894de6aaaf6e23db248649d931\core.lib
                                          [ HardwareSerial1ISR.c.rel ]
C:\Users\bitshen\AppData\Local\Arduino15\packages\CH55xDuino\tools\sdcc\build.13407_4/lib/large_int_calc_stack_auto/libint.lib
                                          [ _divsint.rel ]
C:\Users\bitshen\AppData\Local\Arduino15\packages\CH55xDuino\tools\sdcc\build.13407_4/lib/large_int_calc_stack_auto/libint.lib
                                          [ _divuint.rel ]
C:\Users\bitshen\AppData\Local\Arduino15\packages\CH55xDuino\tools\sdcc\build.13407_4/lib/large_int_calc_stack_auto/libsdcc.lib
                                          [ _startup.rel ]

ASxxxx Linker V03.00 + NoICE + sdld,  page 31.

User Base Address Definitions

HOME = 0x0000
XSEG = 0x010a
PSEG = 0x010a
ISEG = 0x0000
BSEG = 0x0000

