ASxxxx Linker V03.00 + NoICE + sdld,  page 1.
Hexadecimal  [32-Bits]

Area                                    Addr        Size        Decimal Bytes (Attributes)
--------------------------------        ----        ----        ------- ----- ------------
IABS3                               00000000    00000001 =           1. bytes (ABS,CON)

      Value  Global                              Global Defined In Module
      -----  --------------------------------   ------------------------
     00000000  l_CABS                          
     00000000  l_GSINIT1                       
     00000000  l_GSINIT5                       
     00000000  l_IABS                          
     00000000  l_ISEG                          
     00000000  l_PSEG                          
     00000000  l_REG_BANK_2                    
     00000000  l_REG_BANK_3                    
     00000000  l_RSEG                          
     00000000  l_RSEG0                         
     00000000  l_RSEG1                         
     00000000  l_XABS                          
     00000000  l__CODE                         
     00000000  s_BSEG                          
     00000000  s_CABS                          
     00000000  s_DSEG                          
     00000000  s_HOME                          
     00000000  s_IABS                          
     00000000  s_IABS2                         
     00000000  s_IABS3                         
     00000000  s_ISEG                          
     00000000  s_REG_BANK_0                    
     00000000  s_RSEG                          
     00000000  s_RSEG0                         
     00000000  s_RSEG1                         
     00000000  s_XABS                          
     00000001  l_BIT_BANK                      
     00000001  l_BSEG_BYTES                    
     00000001  l_IABS3                         
     00000003  l_GSINIT0                       
     00000004  l_GSFINAL                       
     00000004  l_IABS2                         
     00000005  l_OSEG                          
     00000006  l_BSEG                          
     00000008  l_REG_BANK_0                    
     00000008  l_REG_BANK_1                    
     00000008  s_REG_BANK_1                    
     0000000A  l_GSINIT2                       
     0000000C  _timer0_overflow_count_5th_byte    main
     00000010  s_REG_BANK_2                    
     00000018  s_REG_BANK_3                    
     0000001C  l_GSINIT                        
     00000020  s_BSEG_BYTES                    
     00000020  s__CODE                         
     00000021  s_BIT_BANK                      
     00000022  l_GSINIT3                       
     0000002A  l_GSINIT4                       
     00000036  l_XINIT                         
     00000036  l_XISEG                         
     00000040  s_OSEG                          
ASxxxx Linker V03.00 + NoICE + sdld,  page 2.
Hexadecimal  [32-Bits]

Area                                    Addr        Size        Decimal Bytes (Attributes)
--------------------------------        ----        ----        ------- ----- ------------
IABS3                               00000000    00000001 =           1. bytes (ABS,CON)

      Value  Global                              Global Defined In Module
      -----  --------------------------------   ------------------------
     00000045  s_SSEG                          
     0000006B  l_HOME                          
     0000006B  s_GSINIT0                       
     0000006E  s_GSINIT1                       
     0000006E  s_GSINIT2                       
     00000078  s_GSINIT3                       
     0000007D  l_DSEG                          
     0000009A  s_GSINIT4                       
     000000BB  l_SSEG                          
     000000C4  s_GSINIT                        
     000000C4  s_GSINIT5                       
     000000E0  s_GSFINAL                       
     000000E3  l_XSEG                          
     000000E4  s_CSEG                          
     00000100  l_IRAM                          
     0000010A  s_PSEG                          
     0000010A  s_XSEG                          
     000001ED  s_XISEG                         
     0000021F  l_CONST                         
     00002BD6  l_CSEG                          
     00002CBA  s_CONST                         
     00002ED9  s_XINIT                         
ASxxxx Linker V03.00 + NoICE + sdld,  page 3.
Hexadecimal  [32-Bits]

Area                                    Addr        Size        Decimal Bytes (Attributes)
--------------------------------        ----        ----        ------- ----- ------------
IABS2                               00000000    00000004 =           4. bytes (ABS,CON)

      Value  Global                              Global Defined In Module
      -----  --------------------------------   ------------------------
     00000008  _timer0_overflow_count             main

ASxxxx Linker V03.00 + NoICE + sdld,  page 4.
Hexadecimal  [32-Bits]

Area                                    Addr        Size        Decimal Bytes (Attributes)
--------------------------------        ----        ----        ------- ----- ------------
.  .ABS.                            00000000    00000000 =           0. bytes (ABS,CON)

      Value  Global                              Global Defined In Module
      -----  --------------------------------   ------------------------
     00000000  .__.ABS.                           _modsint
     00000000  _Ep0Buffer                         USBhandler
     0000000A  _Ep1Buffer                         USBhandler
     00000080  _ADC_CHAN0                         HardwareSerial1ISR
     00000080  _ADC_CTRL                          HardwareSerial1ISR
     00000081  _ADC_CHAN1                         HardwareSerial1ISR
     00000081  _SP                                HardwareSerial1ISR
     00000082  _DPL                               HardwareSerial1ISR
     00000083  _CMP_CHAN                          HardwareSerial1ISR
     00000083  _DPH                               HardwareSerial1ISR
     00000084  _ADC_START                         HardwareSerial1ISR
     00000084  _ROM_ADDR_L                        HardwareSerial1ISR
     00000085  _ADC_IF                            HardwareSerial1ISR
     00000085  _ROM_ADDR_H                        HardwareSerial1ISR
     00000086  _CMP_IF                            HardwareSerial1ISR
     00000086  _ROM_CTRL                          HardwareSerial1ISR
     00000087  _CMPO                              HardwareSerial1ISR
     00000087  _PCON                              HardwareSerial1ISR
     00000088  _IT0                               HardwareSerial1ISR
     00000088  _TCON                              HardwareSerial1ISR
     00000089  _IE0                               HardwareSerial1ISR
     00000089  _TMOD                              HardwareSerial1ISR
     0000008A  _Ep2Buffer                         USBhandler
     0000008A  _IT1                               HardwareSerial1ISR
     0000008A  _TL0                               HardwareSerial1ISR
     0000008B  _IE1                               HardwareSerial1ISR
     0000008B  _TL1                               HardwareSerial1ISR
     0000008C  _TH0                               HardwareSerial1ISR
     0000008C  _TR0                               HardwareSerial1ISR
     0000008D  _TF0                               HardwareSerial1ISR
     0000008D  _TH1                               HardwareSerial1ISR
     0000008E  _ROM_DATA_L                        HardwareSerial1ISR
     0000008E  _TR1                               HardwareSerial1ISR
     0000008F  _ROM_DATA_H                        HardwareSerial1ISR
     0000008F  _TF1                               HardwareSerial1ISR
     00000090  _CAP1                              HardwareSerial1ISR
     00000090  _P1                                HardwareSerial1ISR
     00000090  _P1_0                              HardwareSerial1ISR
     00000090  _T2                                HardwareSerial1ISR
     00000090  _TIN0                              HardwareSerial1ISR
     00000091  _AIN0                              HardwareSerial1ISR
     00000091  _CAP2                              HardwareSerial1ISR
     00000091  _P1_1                              HardwareSerial1ISR
     00000091  _T2EX                              HardwareSerial1ISR
     00000091  _TIN1                              HardwareSerial1ISR
     00000091  _USB_C_CTRL                        HardwareSerial1ISR
     00000091  _VBUS2                             HardwareSerial1ISR
     00000092  _P1_2                              HardwareSerial1ISR
     00000092  _P1_MOD_OC                         HardwareSerial1ISR
     00000092  _RXD_                              HardwareSerial1ISR
ASxxxx Linker V03.00 + NoICE + sdld,  page 5.
Hexadecimal  [32-Bits]

Area                                    Addr        Size        Decimal Bytes (Attributes)
--------------------------------        ----        ----        ------- ----- ------------
.  .ABS.                            00000000    00000000 =           0. bytes (ABS,CON)

      Value  Global                              Global Defined In Module
      -----  --------------------------------   ------------------------
     00000093  _P1_3                              HardwareSerial1ISR
     00000093  _P1_DIR_PU                         HardwareSerial1ISR
     00000093  _TXD_                              HardwareSerial1ISR
     00000094  _AIN1                              HardwareSerial1ISR
     00000094  _CAP1_                             HardwareSerial1ISR
     00000094  _P1_4                              HardwareSerial1ISR
     00000094  _SCS                               HardwareSerial1ISR
     00000094  _T2_                               HardwareSerial1ISR
     00000094  _TIN2                              HardwareSerial1ISR
     00000094  _UCC1                              HardwareSerial1ISR
     00000095  _AIN2                              HardwareSerial1ISR
     00000095  _MOSI                              HardwareSerial1ISR
     00000095  _P1_5                              HardwareSerial1ISR
     00000095  _PWM1                              HardwareSerial1ISR
     00000095  _TIN3                              HardwareSerial1ISR
     00000095  _UCC2                              HardwareSerial1ISR
     00000096  _MISO                              HardwareSerial1ISR
     00000096  _P1_6                              HardwareSerial1ISR
     00000096  _P3_MOD_OC                         HardwareSerial1ISR
     00000096  _RXD1                              HardwareSerial1ISR
     00000096  _TIN4                              HardwareSerial1ISR
     00000097  _P1_7                              HardwareSerial1ISR
     00000097  _P3_DIR_PU                         HardwareSerial1ISR
     00000097  _SCK                               HardwareSerial1ISR
     00000097  _TIN5                              HardwareSerial1ISR
     00000097  _TXD1                              HardwareSerial1ISR
     00000098  _RI                                HardwareSerial1ISR
     00000098  _SCON                              HardwareSerial1ISR
     00000099  _SBUF                              HardwareSerial1ISR
     00000099  _TI                                HardwareSerial1ISR
     0000009A  _ADC_CFG                           HardwareSerial1ISR
     0000009A  _RB8                               HardwareSerial1ISR
     0000009B  _PWM_DATA2                         HardwareSerial1ISR
     0000009B  _TB8                               HardwareSerial1ISR
     0000009C  _PWM_DATA1                         HardwareSerial1ISR
     0000009C  _REN                               HardwareSerial1ISR
     0000009D  _PWM_CTRL                          HardwareSerial1ISR
     0000009D  _SM2                               HardwareSerial1ISR
     0000009E  _PWM_CK_SE                         HardwareSerial1ISR
     0000009E  _SM1                               HardwareSerial1ISR
     0000009F  _ADC_DATA                          HardwareSerial1ISR
     0000009F  _SM0                               HardwareSerial1ISR
     000000A0  _P2                                HardwareSerial1ISR
     000000A0  __XPAGE                            
     000000A1  _SAFE_MOD                          HardwareSerial1ISR
     000000A2  _XBUS_AUX                          HardwareSerial1ISR
     000000A8  _EX0                               HardwareSerial1ISR
     000000A8  _IE                                HardwareSerial1ISR
     000000A9  _ET0                               HardwareSerial1ISR
     000000A9  _WAKE_CTRL                         HardwareSerial1ISR
     000000AA  _EX1                               HardwareSerial1ISR
ASxxxx Linker V03.00 + NoICE + sdld,  page 6.
Hexadecimal  [32-Bits]

Area                                    Addr        Size        Decimal Bytes (Attributes)
--------------------------------        ----        ----        ------- ----- ------------
.  .ABS.                            00000000    00000000 =           0. bytes (ABS,CON)

      Value  Global                              Global Defined In Module
      -----  --------------------------------   ------------------------
     000000AB  _ET1                               HardwareSerial1ISR
     000000AC  _ES                                HardwareSerial1ISR
     000000AD  _ET2                               HardwareSerial1ISR
     000000AE  _E_DIS                             HardwareSerial1ISR
     000000AF  _EA                                HardwareSerial1ISR
     000000B0  _P3                                HardwareSerial1ISR
     000000B0  _P3_0                              HardwareSerial1ISR
     000000B0  _PWM1_                             HardwareSerial1ISR
     000000B0  _RXD                               HardwareSerial1ISR
     000000B1  _GLOBAL_CFG                        HardwareSerial1ISR
     000000B1  _P3_1                              HardwareSerial1ISR
     000000B1  _PWM2_                             HardwareSerial1ISR
     000000B1  _TXD                               HardwareSerial1ISR
     000000B2  _AIN3                              HardwareSerial1ISR
     000000B2  _INT0                              HardwareSerial1ISR
     000000B2  _P3_2                              HardwareSerial1ISR
     000000B2  _TXD1_                             HardwareSerial1ISR
     000000B2  _VBUS1                             HardwareSerial1ISR
     000000B3  _INT1                              HardwareSerial1ISR
     000000B3  _P3_3                              HardwareSerial1ISR
     000000B4  _P3_4                              HardwareSerial1ISR
     000000B4  _PWM2                              HardwareSerial1ISR
     000000B4  _RXD1_                             HardwareSerial1ISR
     000000B4  _T0                                HardwareSerial1ISR
     000000B5  _P3_5                              HardwareSerial1ISR
     000000B5  _T1                                HardwareSerial1ISR
     000000B6  _P3_6                              HardwareSerial1ISR
     000000B6  _UDP                               HardwareSerial1ISR
     000000B7  _P3_7                              HardwareSerial1ISR
     000000B7  _UDM                               HardwareSerial1ISR
     000000B8  _IP                                HardwareSerial1ISR
     000000B8  _PX0                               HardwareSerial1ISR
     000000B9  _CLOCK_CFG                         HardwareSerial1ISR
     000000B9  _PT0                               HardwareSerial1ISR
     000000BA  _PX1                               HardwareSerial1ISR
     000000BB  _PT1                               HardwareSerial1ISR
     000000BC  _PS                                HardwareSerial1ISR
     000000BD  _PT2                               HardwareSerial1ISR
     000000BE  _PL_FLAG                           HardwareSerial1ISR
     000000BF  _PH_FLAG                           HardwareSerial1ISR
     000000C0  _SCON1                             HardwareSerial1ISR
     000000C0  _U1RI                              HardwareSerial1ISR
     000000C1  _SBUF1                             HardwareSerial1ISR
     000000C1  _U1TI                              HardwareSerial1ISR
     000000C2  _SBAUD1                            HardwareSerial1ISR
     000000C2  _U1RB8                             HardwareSerial1ISR
     000000C3  _TKEY_CTRL                         HardwareSerial1ISR
     000000C3  _U1TB8                             HardwareSerial1ISR
     000000C4  _TKEY_DATL                         HardwareSerial1ISR
     000000C4  _U1REN                             HardwareSerial1ISR
     000000C5  _TKEY_DATH                         HardwareSerial1ISR
ASxxxx Linker V03.00 + NoICE + sdld,  page 7.
Hexadecimal  [32-Bits]

Area                                    Addr        Size        Decimal Bytes (Attributes)
--------------------------------        ----        ----        ------- ----- ------------
.  .ABS.                            00000000    00000000 =           0. bytes (ABS,CON)

      Value  Global                              Global Defined In Module
      -----  --------------------------------   ------------------------
     000000C5  _U1SMOD                            HardwareSerial1ISR
     000000C6  _PIN_FUNC                          HardwareSerial1ISR
     000000C7  _GPIO_IE                           HardwareSerial1ISR
     000000C7  _U1SM0                             HardwareSerial1ISR
     000000C8  _CP_RL2                            HardwareSerial1ISR
     000000C8  _T2CON                             HardwareSerial1ISR
     000000C9  _C_T2                              HardwareSerial1ISR
     000000C9  _T2MOD                             HardwareSerial1ISR
     000000CA  _RCAP2L                            HardwareSerial1ISR
     000000CA  _TR2                               HardwareSerial1ISR
     000000CB  _EXEN2                             HardwareSerial1ISR
     000000CB  _RCAP2H                            HardwareSerial1ISR
     000000CC  _TCLK                              HardwareSerial1ISR
     000000CC  _TL2                               HardwareSerial1ISR
     000000CD  _RCLK                              HardwareSerial1ISR
     000000CD  _TH2                               HardwareSerial1ISR
     000000CE  _EXF2                              HardwareSerial1ISR
     000000CE  _T2CAP1L                           HardwareSerial1ISR
     000000CF  _CAP1F                             HardwareSerial1ISR
     000000CF  _T2CAP1H                           HardwareSerial1ISR
     000000CF  _TF2                               HardwareSerial1ISR
     000000D0  _P                                 HardwareSerial1ISR
     000000D0  _PSW                               HardwareSerial1ISR
     000000D1  _F1                                HardwareSerial1ISR
     000000D1  _UDEV_CTRL                         HardwareSerial1ISR
     000000D2  _OV                                HardwareSerial1ISR
     000000D2  _UEP1_CTRL                         HardwareSerial1ISR
     000000D3  _RS0                               HardwareSerial1ISR
     000000D3  _UEP1_T_LEN                        HardwareSerial1ISR
     000000D4  _RS1                               HardwareSerial1ISR
     000000D4  _UEP2_CTRL                         HardwareSerial1ISR
     000000D5  _F0                                HardwareSerial1ISR
     000000D5  _UEP2_T_LEN                        HardwareSerial1ISR
     000000D6  _AC                                HardwareSerial1ISR
     000000D6  _UEP3_CTRL                         HardwareSerial1ISR
     000000D7  _CY                                HardwareSerial1ISR
     000000D7  _UEP3_T_LEN                        HardwareSerial1ISR
     000000D8  _UIF_BUS_RST                       HardwareSerial1ISR
     000000D8  _UIF_DETECT                        HardwareSerial1ISR
     000000D8  _USB_INT_FG                        HardwareSerial1ISR
     000000D9  _UIF_TRANSFER                      HardwareSerial1ISR
     000000D9  _USB_INT_ST                        HardwareSerial1ISR
     000000DA  _UIF_SUSPEND                       HardwareSerial1ISR
     000000DA  _USB_MIS_ST                        HardwareSerial1ISR
     000000DB  _UIF_HST_SOF                       HardwareSerial1ISR
     000000DB  _USB_RX_LEN                        HardwareSerial1ISR
     000000DC  _UEP0_CTRL                         HardwareSerial1ISR
     000000DC  _UIF_FIFO_OV                       HardwareSerial1ISR
     000000DD  _UEP0_T_LEN                        HardwareSerial1ISR
     000000DD  _U_SIE_FREE                        HardwareSerial1ISR
     000000DE  _UEP4_CTRL                         HardwareSerial1ISR
ASxxxx Linker V03.00 + NoICE + sdld,  page 8.
Hexadecimal  [32-Bits]

Area                                    Addr        Size        Decimal Bytes (Attributes)
--------------------------------        ----        ----        ------- ----- ------------
.  .ABS.                            00000000    00000000 =           0. bytes (ABS,CON)

      Value  Global                              Global Defined In Module
      -----  --------------------------------   ------------------------
     000000DE  _U_TOG_OK                          HardwareSerial1ISR
     000000DF  _UEP4_T_LEN                        HardwareSerial1ISR
     000000DF  _U_IS_NAK                          HardwareSerial1ISR
     000000E0  _ACC                               HardwareSerial1ISR
     000000E1  _USB_INT_EN                        HardwareSerial1ISR
     000000E2  _USB_CTRL                          HardwareSerial1ISR
     000000E3  _USB_DEV_AD                        HardwareSerial1ISR
     000000E4  _UEP2_DMA_L                        HardwareSerial1ISR
     000000E5  _UEP2_DMA_H                        HardwareSerial1ISR
     000000E6  _UEP3_DMA_L                        HardwareSerial1ISR
     000000E7  _UEP3_DMA_H                        HardwareSerial1ISR
     000000E8  _IE_EX                             HardwareSerial1ISR
     000000E8  _IE_SPI0                           HardwareSerial1ISR
     000000E9  _IE_TKEY                           HardwareSerial1ISR
     000000E9  _IP_EX                             HardwareSerial1ISR
     000000EA  _IE_USB                            HardwareSerial1ISR
     000000EA  _UEP4_1_MOD                        HardwareSerial1ISR
     000000EB  _IE_ADC                            HardwareSerial1ISR
     000000EB  _UEP2_3_MOD                        HardwareSerial1ISR
     000000EC  _IE_UART1                          HardwareSerial1ISR
     000000EC  _UEP0_DMA_L                        HardwareSerial1ISR
     000000ED  _IE_PWMX                           HardwareSerial1ISR
     000000ED  _UEP0_DMA_H                        HardwareSerial1ISR
     000000EE  _IE_GPIO                           HardwareSerial1ISR
     000000EE  _UEP1_DMA_L                        HardwareSerial1ISR
     000000EF  _IE_WDOG                           HardwareSerial1ISR
     000000EF  _UEP1_DMA_H                        HardwareSerial1ISR
     000000F0  _B                                 HardwareSerial1ISR
     000000F5  _B_5                               _gptrget
     000000F6  _B_6                               _gptrget
     000000F7  _B_7                               _gptrget
     000000F8  _S0_R_FIFO                         HardwareSerial1ISR
     000000F8  _SPI0_STAT                         HardwareSerial1ISR
     000000F9  _SPI0_DATA                         HardwareSerial1ISR
     000000FA  _S0_T_FIFO                         HardwareSerial1ISR
     000000FA  _SPI0_CTRL                         HardwareSerial1ISR
     000000FB  _S0_FREE                           HardwareSerial1ISR
     000000FB  _SPI0_CK_SE                        HardwareSerial1ISR
     000000FC  _S0_IF_BYTE                        HardwareSerial1ISR
     000000FC  _SPI0_SETUP                        HardwareSerial1ISR
     000000FD  _S0_IF_FIRST                       HardwareSerial1ISR
     000000FE  _RESET_KEEP                        HardwareSerial1ISR
     000000FE  _S0_IF_OV                          HardwareSerial1ISR
     000000FF  _S0_FST_ACT                        HardwareSerial1ISR
     000000FF  _WDOG_COUNT                        HardwareSerial1ISR
     00008584  _ROM_ADDR                          HardwareSerial1ISR
     00008F8E  _ROM_DATA                          HardwareSerial1ISR
     0000C5C4  _TKEY_DAT                          HardwareSerial1ISR
     0000CBCA  _RCAP2                             HardwareSerial1ISR
     0000CDCC  _T2COUNT                           HardwareSerial1ISR
     0000CFCE  _T2CAP1                            HardwareSerial1ISR
ASxxxx Linker V03.00 + NoICE + sdld,  page 9.
Hexadecimal  [32-Bits]

Area                                    Addr        Size        Decimal Bytes (Attributes)
--------------------------------        ----        ----        ------- ----- ------------
.  .ABS.                            00000000    00000000 =           0. bytes (ABS,CON)

      Value  Global                              Global Defined In Module
      -----  --------------------------------   ------------------------
     0000E5E4  _UEP2_DMA                          HardwareSerial1ISR
     0000E7E6  _UEP3_DMA                          HardwareSerial1ISR
     0000EDEC  _UEP0_DMA                          HardwareSerial1ISR
     0000EFEE  _UEP1_DMA                          HardwareSerial1ISR
ASxxxx Linker V03.00 + NoICE + sdld,  page 10.
Hexadecimal  [32-Bits]

Area                                    Addr        Size        Decimal Bytes (Attributes)
--------------------------------        ----        ----        ------- ----- ------------
BSEG_BYTES                          00000020    00000001 =           1. bytes (REL,CON)

      Value  Global                              Global Defined In Module
      -----  --------------------------------   ------------------------
ASxxxx Linker V03.00 + NoICE + sdld,  page 11.
Hexadecimal  [32-Bits]

Area                                    Addr        Size        Decimal Bytes (Attributes)
--------------------------------        ----        ----        ------- ----- ------------
REG_BANK_0                          00000000    00000008 =           8. bytes (REL,OVR)

      Value  Global                              Global Defined In Module
      -----  --------------------------------   ------------------------
ASxxxx Linker V03.00 + NoICE + sdld,  page 12.
Hexadecimal  [32-Bits]

Area                                    Addr        Size        Decimal Bytes (Attributes)
--------------------------------        ----        ----        ------- ----- ------------
REG_BANK_1                          00000008    00000008 =           8. bytes (REL,OVR)

      Value  Global                              Global Defined In Module
      -----  --------------------------------   ------------------------
ASxxxx Linker V03.00 + NoICE + sdld,  page 13.
Hexadecimal  [32-Bits]

Area                                    Addr        Size        Decimal Bytes (Attributes)
--------------------------------        ----        ----        ------- ----- ------------
BIT_BANK                            00000021    00000001 =           1. bytes (REL,OVR)

      Value  Global                              Global Defined In Module
      -----  --------------------------------   ------------------------
ASxxxx Linker V03.00 + NoICE + sdld,  page 14.
Hexadecimal  [32-Bits]

Area                                    Addr        Size        Decimal Bytes (Attributes)
--------------------------------        ----        ----        ------- ----- ------------
DSEG                                00000000    0000007D =         125. bytes (REL,CON)

      Value  Global                              Global Defined In Module
      -----  --------------------------------   ------------------------
     00000010  _SetupLen                          USBhandler
     00000012  _SetupReq                          USBhandler
     00000013  _pDescr                            USBhandler
     0000001C  _bp                                _bp

ASxxxx Linker V03.00 + NoICE + sdld,  page 15.
Hexadecimal  [32-Bits]

Area                                    Addr        Size        Decimal Bytes (Attributes)
--------------------------------        ----        ----        ------- ----- ------------
OSEG                                00000040    00000005 =           5. bytes (REL,OVR)

      Value  Global                              Global Defined In Module
      -----  --------------------------------   ------------------------
ASxxxx Linker V03.00 + NoICE + sdld,  page 16.
Hexadecimal  [32-Bits]

Area                                    Addr        Size        Decimal Bytes (Attributes)
--------------------------------        ----        ----        ------- ----- ------------
SSEG                                00000045    000000BB =         187. bytes (REL,OVR)

      Value  Global                              Global Defined In Module
      -----  --------------------------------   ------------------------
     00000045  __start__stack                     main

ASxxxx Linker V03.00 + NoICE + sdld,  page 17.
Hexadecimal  [32-Bits]

Area                                    Addr        Size        Decimal Bytes (Attributes)
--------------------------------        ----        ----        ------- ----- ------------
XSEG                                0000010A    000000E3 =         227. bytes (REL,CON,XDATA)

      Value  Global                              Global Defined In Module
      -----  --------------------------------   ------------------------
D:   00000128  _Mouse_move_PARM_2                 USBHIDKeyboardMouse
D:   00000129  _UsbConfig                         USBhandler
D:   0000012A  _rgb_buffer                        rgbLight
D:   00000133  _rgb_state                         rgbLight
D:   00000137  _hsv_to_rgb_impl_PARM_2            rgbLight
D:   00000138  _hsv_to_rgb_impl_PARM_3            rgbLight
D:   00000139  _hsv_to_rgb_impl_PARM_4            rgbLight
D:   0000013C  _hsv_to_rgb_impl_PARM_5            rgbLight
D:   0000013F  _hsv_to_rgb_impl_PARM_6            rgbLight
D:   00000143  _hsv_to_rgb_PARM_1                 rgbLight
D:   00000144  _hsv_to_rgb_PARM_2                 rgbLight
D:   00000145  _hsv_to_rgb_PARM_3                 rgbLight
D:   00000149  _rgb_set_color_PARM_2              rgbLight
D:   0000014A  _rgb_set_color_PARM_3              rgbLight
D:   0000014B  _rgb_set_color_PARM_4              rgbLight
D:   0000014D  _rgb_set_color_all_PARM_2          rgbLight
D:   0000014E  _rgb_set_color_all_PARM_3          rgbLight
D:   00000150  _rgb_matrix_sethsv_noeeprom_PARM   rgbLight
D:   00000151  _rgb_matrix_sethsv_noeeprom_PARM   rgbLight
D:   00000156  _dynamic_keymap_get_keycode_PARM   via
D:   00000157  _dynamic_keymap_get_keycode_PARM   via
D:   00000158  _press_qmk_key_PARM_2              via
D:   00000159  _press_qmk_key_PARM_3              via
D:   0000015A  _press_qmk_key_PARM_4              via
D:   0000015B  _eeprom_write_byte_PARM_2          eeprom
D:   0000015C  ___memcpy_PARM_2                   __memcpy
D:   0000015F  ___memcpy_PARM_3                   __memcpy
D:   00000164  _memset_PARM_2                     _memset
D:   00000165  _memset_PARM_3                     _memset
D:   00000167  _pinMode_PARM_2                    wiring_digital
D:   00000168  _digitalWrite_PARM_2               wiring_digital
D:   00000169  _analogWrite_PARM_2                wiring_analog
D:   0000016B  _Print_print_sn_PARM_2             Print
D:   0000016E  _Print_print_sn_PARM_3             Print
D:   0000016F  _Print_print_s_PARM_2              Print
D:   00000172  _Print_print_u_PARM_2              Print
D:   00000176  _Print_print_i_PARM_2              Print
D:   0000017A  _Print_print_ub_PARM_2             Print
D:   0000017E  _Print_print_ub_PARM_3             Print
D:   000001A0  _Print_print_ib_PARM_2             Print
D:   000001A4  _Print_print_ib_PARM_3             Print
D:   000001A5  __gptrput_PARM_2                   _gptrput
D:   000001A6  _Serial0_print_ib_func_PARM_2      genericPrintSerial0
D:   000001A7  _Serial0_print_ub_func_PARM_2      genericPrintSerial0
D:   000001A8  _Serial0_print_sn_func_PARM_2      genericPrintSerial0
D:   000001A9  _attachInterrupt_PARM_2            WInterrupts
D:   000001AB  _attachInterrupt_PARM_3            WInterrupts
D:   000001AC  _serial0Initialized                HardwareSerial0
D:   000001AD  _Receive_Uart0_Buf                 HardwareSerial0ISR
D:   000001BD  _Transmit_Uart0_Buf                HardwareSerial0ISR
ASxxxx Linker V03.00 + NoICE + sdld,  page 18.
Hexadecimal  [32-Bits]

Area                                    Addr        Size        Decimal Bytes (Attributes)
--------------------------------        ----        ----        ------- ----- ------------
XSEG                                0000010A    000000E3 =         227. bytes (REL,CON,XDATA)

      Value  Global                              Global Defined In Module
      -----  --------------------------------   ------------------------
D:   000001CD  _Receive_Uart1_Buf                 HardwareSerial1ISR
D:   000001DD  _Transmit_Uart1_Buf                HardwareSerial1ISR

ASxxxx Linker V03.00 + NoICE + sdld,  page 19.
Hexadecimal  [32-Bits]

Area                                    Addr        Size        Decimal Bytes (Attributes)
--------------------------------        ----        ----        ------- ----- ------------
XISEG                               000001ED    00000036 =          54. bytes (REL,CON,XDATA)

      Value  Global                              Global Defined In Module
      -----  --------------------------------   ------------------------
D:   000001ED  _dummy_variable                    qmkCompatibleKeyboard_ino
D:   000001EF  _button1Prev                       qmkCompatibleKeyboard_ino
D:   000001F0  _button1Pressed                    qmkCompatibleKeyboard_ino
D:   000001F1  _button1PressTime                  qmkCompatibleKeyboard_ino
D:   000001F5  _hall1Pressed                      qmkCompatibleKeyboard_ino
D:   000001F6  _hall2Pressed                      qmkCompatibleKeyboard_ino
D:   000001F7  _hall3Pressed                      qmkCompatibleKeyboard_ino
D:   000001F8  _previousKeyScanMillis             qmkCompatibleKeyboard_ino
D:   000001FC  _layerInUse                        qmkCompatibleKeyboard_ino
D:   000001FD  _keyboardLedStatus                 USBHIDKeyboardMouse
D:   000001FE  _UpPoint1_Busy                     USBHIDKeyboardMouse
D:   000001FF  _UpPoint2_Busy                     USBHIDKeyboardMouse
D:   00000200  _HIDKey                            USBHIDKeyboardMouse
D:   00000208  _HIDMouse                          USBHIDKeyboardMouse
D:   0000020C  _usbMsgFlags                       USBhandler
D:   0000020D  _setups_data                       osDetection
D:   00000214  _viaCmdReceived                    via
D:   00000215  _touchKeyHandler                   main
D:   00000217  _intFunc                           WInterrupts
D:   0000021B  _uart0_rx_buffer_head              HardwareSerial0ISR
D:   0000021C  _uart0_rx_buffer_tail              HardwareSerial0ISR
D:   0000021D  _uart0_tx_buffer_head              HardwareSerial0ISR
D:   0000021E  _uart0_tx_buffer_tail              HardwareSerial0ISR
D:   0000021F  _uart1_rx_buffer_head              HardwareSerial1ISR
D:   00000220  _uart1_rx_buffer_tail              HardwareSerial1ISR
D:   00000221  _uart1_tx_buffer_head              HardwareSerial1ISR
D:   00000222  _uart1_tx_buffer_tail              HardwareSerial1ISR
ASxxxx Linker V03.00 + NoICE + sdld,  page 20.
Hexadecimal  [32-Bits]

Area                                    Addr        Size        Decimal Bytes (Attributes)
--------------------------------        ----        ----        ------- ----- ------------
HOME                                00000000    0000006B =         107. bytes (REL,CON,CODE)

      Value  Global                              Global Defined In Module
      -----  --------------------------------   ------------------------
C:   00000066  __sdcc_program_startup             main
C:   00000069  __sdcc_call_dptr                   

ASxxxx Linker V03.00 + NoICE + sdld,  page 21.
Hexadecimal  [32-Bits]

Area                                    Addr        Size        Decimal Bytes (Attributes)
--------------------------------        ----        ----        ------- ----- ------------
GSINIT0                             0000006B    00000003 =           3. bytes (REL,CON,CODE)

      Value  Global                              Global Defined In Module
      -----  --------------------------------   ------------------------
C:   0000006B  __sdcc_gsinit_startup              

ASxxxx Linker V03.00 + NoICE + sdld,  page 22.
Hexadecimal  [32-Bits]

Area                                    Addr        Size        Decimal Bytes (Attributes)
--------------------------------        ----        ----        ------- ----- ------------
GSINIT2                             0000006E    0000000A =          10. bytes (REL,CON,CODE)

      Value  Global                              Global Defined In Module
      -----  --------------------------------   ------------------------
ASxxxx Linker V03.00 + NoICE + sdld,  page 23.
Hexadecimal  [32-Bits]

Area                                    Addr        Size        Decimal Bytes (Attributes)
--------------------------------        ----        ----        ------- ----- ------------
GSINIT3                             00000078    00000022 =          34. bytes (REL,CON,CODE)

      Value  Global                              Global Defined In Module
      -----  --------------------------------   ------------------------
C:   00000078  __mcs51_genXINIT                   

ASxxxx Linker V03.00 + NoICE + sdld,  page 24.
Hexadecimal  [32-Bits]

Area                                    Addr        Size        Decimal Bytes (Attributes)
--------------------------------        ----        ----        ------- ----- ------------
GSINIT4                             0000009A    0000002A =          42. bytes (REL,CON,CODE)

      Value  Global                              Global Defined In Module
      -----  --------------------------------   ------------------------
C:   0000009A  __mcs51_genRAMCLEAR                
C:   000000A0  __mcs51_genXRAMCLEAR               

ASxxxx Linker V03.00 + NoICE + sdld,  page 25.
Hexadecimal  [32-Bits]

Area                                    Addr        Size        Decimal Bytes (Attributes)
--------------------------------        ----        ----        ------- ----- ------------
GSINIT                              000000C4    0000001C =          28. bytes (REL,CON,CODE)

      Value  Global                              Global Defined In Module
      -----  --------------------------------   ------------------------
ASxxxx Linker V03.00 + NoICE + sdld,  page 26.
Hexadecimal  [32-Bits]

Area                                    Addr        Size        Decimal Bytes (Attributes)
--------------------------------        ----        ----        ------- ----- ------------
GSFINAL                             000000E0    00000004 =           4. bytes (REL,CON,CODE)

      Value  Global                              Global Defined In Module
      -----  --------------------------------   ------------------------
ASxxxx Linker V03.00 + NoICE + sdld,  page 27.
Hexadecimal  [32-Bits]

Area                                    Addr        Size        Decimal Bytes (Attributes)
--------------------------------        ----        ----        ------- ----- ------------
CSEG                                000000E4    00002BD6 =       11222. bytes (REL,CON,CODE)

      Value  Global                              Global Defined In Module
      -----  --------------------------------   ------------------------
C:   000000E4  _readHallADC                       qmkCompatibleKeyboard_ino
C:   000000F5  _encoder_read                      qmkCompatibleKeyboard_ino
C:   000001B3  _setup                             qmkCompatibleKeyboard_ino
C:   000002AD  _loop                              qmkCompatibleKeyboard_ino
C:   000005B2  _USBInit                           USBHIDKeyboardMouse
C:   000005C5  _USB_EP1_IN                        USBHIDKeyboardMouse
C:   000005D6  _USB_EP2_IN                        USBHIDKeyboardMouse
C:   000005E7  _USB_EP1_OUT                       USBHIDKeyboardMouse
C:   000005FC  _USB_EP2_OUT                       USBHIDKeyboardMouse
C:   00000603  _USB_EP1_send                      USBHIDKeyboardMouse
C:   000006D2  _USB_EP2_send                      USBHIDKeyboardMouse
C:   00000715  _Keyboard_quantum_modifier_press   USBHIDKeyboardMouse
C:   0000072C  _Keyboard_quantum_modifier_relea   USBHIDKeyboardMouse
C:   00000746  _Keyboard_quantum_regular_press    USBHIDKeyboardMouse
C:   000007B8  _Keyboard_quantum_regular_releas   USBHIDKeyboardMouse
C:   000007E5  _Keyboard_releaseAll               USBHIDKeyboardMouse
C:   00000801  _Keyboard_getLEDStatus             USBHIDKeyboardMouse
C:   00000808  _Mouse_press                       USBHIDKeyboardMouse
C:   0000081F  _Mouse_release                     USBHIDKeyboardMouse
C:   00000839  _Mouse_click                       USBHIDKeyboardMouse
C:   00000851  _Mouse_move                        USBHIDKeyboardMouse
C:   0000086A  _Mouse_scroll                      USBHIDKeyboardMouse
C:   0000087C  _USB_EP0_SETUP                     USBhandler
C:   00000C81  _USB_EP0_IN                        USBhandler
C:   00000CFA  _USB_EP0_OUT                       USBhandler
C:   00000D01  _USBInterrupt                      USBhandler
C:   00000DD9  _USBDeviceCfg                      USBhandler
C:   00000DF2  _USBDeviceIntCfg                   USBhandler
C:   00000E03  _USBDeviceEndPointCfg              USBhandler
C:   00000E2C  _make_guess                        osDetection
C:   00000ECB  _OS_detect_process_wlength         osDetection
C:   00000F1C  _detected_host_os                  osDetection
C:   00000F23  _erase_wlength_data                osDetection
C:   00000F3A  _rgb_show                          rgbLight
C:   00000F4F  _hsv_to_rgb_impl                   rgbLight
C:   0000123E  _hsv_to_rgb                        rgbLight
C:   000012E3  _rgb_init                          rgbLight
C:   00001345  _rgb_set_color                     rgbLight
C:   00001399  _rgb_set_color_all                 rgbLight
C:   000013FA  _rgb_matrix_sethsv_noeeprom        rgbLight
C:   00001418  _rgb_matrix_toggle_noeeprom        rgbLight
C:   0000142A  _rgb_update_display                rgbLight
C:   000014A8  _raw_hid_send                      via
C:   000014AB  _raw_hid_receive                   via
C:   000014B2  _dynamic_keymap_get_keycode        via
C:   000014F7  _via_process                       via
C:   0000190C  _press_qmk_key                     via
C:   00001A4E  _eeprom_write_byte                 eeprom
C:   00001A84  _eeprom_read_byte                  eeprom
C:   00001A94  _DeviceUSBInterrupt                main
ASxxxx Linker V03.00 + NoICE + sdld,  page 28.
Hexadecimal  [32-Bits]

Area                                    Addr        Size        Decimal Bytes (Attributes)
--------------------------------        ----        ----        ------- ----- ------------
CSEG                                000000E4    00002BD6 =       11222. bytes (REL,CON,CODE)

      Value  Global                              Global Defined In Module
      -----  --------------------------------   ------------------------
C:   00001AD3  _Uart0_ISR                         main
C:   00001B1F  _Uart1_ISR                         main
C:   00001B6B  _INT0_ISR                          main
C:   00001BBE  _INT1_ISR                          main
C:   00001C11  _TOUCHKEY_ISR                      main
C:   00001C65  _main                              main
C:   00001C70  ___sdcc_external_startup           main
C:   00001C74  ___memcpy                          __memcpy
C:   00001CE8  _memset                            _memset
C:   00001D10  _pinMode                           wiring_digital
C:   00001DC7  _digitalRead                       wiring_digital
C:   00001E17  _digitalWrite                      wiring_digital
C:   00001E8C  _analogRead                        wiring_analog
C:   00001EB1  _analogWrite                       wiring_analog
C:   00001F68  _Print_print_sn                    Print
C:   00001FC6  _Print_print_s                     Print
C:   00002028  _Print_print_u                     Print
C:   00002055  _Print_print_i                     Print
C:   00002082  _Print_println                     Print
C:   000020B9  _Print_print_ub                    Print
C:   000021A2  _Print_print_ib                    Print
C:   0000229A  _Timer0Interrupt                   wiring
C:   000022B3  _micros                            wiring
C:   00002353  _millis                            wiring
C:   0000239C  _delay                             wiring
C:   0000244D  _delayMicroseconds                 wiring
C:   00002486  _init                              wiring
C:   000024BA  __gptrput                          _gptrput
C:   000024D5  __mulint                           _mulint
C:   00002573  _Serial0_print_i_func              genericPrintSerial0
C:   0000258E  _Serial0_print_ib_func             genericPrintSerial0
C:   000025B3  _Serial0_print_u_func              genericPrintSerial0
C:   000025CE  _Serial0_print_ub_func             genericPrintSerial0
C:   000025F3  _Serial0_print_s_func              genericPrintSerial0
C:   0000260A  _Serial0_print_sn_func             genericPrintSerial0
C:   0000262B  _GPIOInterrupt                     weakOverrideGPIO
C:   0000262D  _Timer2Interrupt                   weakOverrideTimer2
C:   0000262F  __modulong                         _modulong
C:   000026F1  __divulong                         _divulong
C:   0000277B  _neopixel_show_long_P3_4           optionalLink_WS2812_P3_4
C:   0000279F  _nothing                           WInterrupts
C:   000027A0  _attachInterrupt                   WInterrupts
C:   000027E6  _detachInterrupt                   WInterrupts
C:   00002817  _Serial0                           HardwareSerial0
C:   0000281E  _Serial0_begin                     HardwareSerial0
C:   000028F3  _Serial0_write                     HardwareSerial0
C:   00002982  _Serial0_flush                     HardwareSerial0
C:   00002986  _Serial0_available                 HardwareSerial0
C:   0000299C  _Serial0_read                      HardwareSerial0
C:   000029CF  __gptrget                          _gptrget
C:   000029EB  __moduint                          _moduint
ASxxxx Linker V03.00 + NoICE + sdld,  page 29.
Hexadecimal  [32-Bits]

Area                                    Addr        Size        Decimal Bytes (Attributes)
--------------------------------        ----        ----        ------- ----- ------------
CSEG                                000000E4    00002BD6 =       11222. bytes (REL,CON,CODE)

      Value  Global                              Global Defined In Module
      -----  --------------------------------   ------------------------
C:   00002A6A  _uart0IntRxHandler                 HardwareSerial0ISR
C:   00002AAA  _uart0IntTxHandler                 HardwareSerial0ISR
C:   00002AF8  _uart1IntRxHandler                 HardwareSerial1ISR
C:   00002B38  _uart1IntTxHandler                 HardwareSerial1ISR
C:   00002B86  __divsint                          _divsint
C:   00002BFC  __divuint                          _divuint
C:   00002C48  __sdcc_external_startup            _startup
C:   00002C4C  __modsint                          _modsint

ASxxxx Linker V03.00 + NoICE + sdld,  page 30.
Hexadecimal  [32-Bits]

Area                                    Addr        Size        Decimal Bytes (Attributes)
--------------------------------        ----        ----        ------- ----- ------------
CONST                               00002CBA    0000021F =         543. bytes (REL,CON,CODE)

      Value  Global                              Global Defined In Module
      -----  --------------------------------   ------------------------
C:   00002CBA  _DeviceDescriptor                  USBconstant
C:   00002CCC  _ConfigurationDescriptor           USBconstant
C:   00002D15  _ReportDescriptor                  USBconstant
C:   00002D91  _RawHIDReportDescriptor            USBconstant
C:   00002DAA  _LanguageDescriptor                USBconstant
C:   00002DAE  _SerialDescriptor                  USBconstant
C:   00002DC0  _ProductDescriptor                 USBconstant
C:   00002DD8  _ManufacturerDescriptor            USBconstant
C:   00002E39  _digital_pin_to_pwm_PGM            wiring_digital
C:   00002E61  _digital_pin_to_port_PGM           wiring_digital
C:   00002E89  _digital_pin_to_bit_mask_PGM       wiring_digital
C:   00002EB1  _digital_pin_to_channel_PGM        wiring_digital
ASxxxx Linker V03.00 + NoICE + sdld,  page 31.
Hexadecimal  [32-Bits]

Area                                    Addr        Size        Decimal Bytes (Attributes)
--------------------------------        ----        ----        ------- ----- ------------
XINIT                               00002ED9    00000036 =          54. bytes (REL,CON,CODE)

      Value  Global                              Global Defined In Module
      -----  --------------------------------   ------------------------
ASxxxx Linker V03.00 + NoICE + sdld,  page 32.

Files Linked                              [ module(s) ]

C:\Users\bitshen\AppData\Local\Temp\arduino\sketches\1DFD87E1D5558FEA9992E2551320BE72\sketch\qmkCompatibleKeyboard.ino.cpp.rel
                                          [  ]
C:\Users\bitshen\AppData\Local\Temp\arduino\sketches\1DFD87E1D5558FEA9992E2551320BE72\sketch\src\WS2812.c.rel
                                          [  ]
C:\Users\bitshen\AppData\Local\Temp\arduino\sketches\1DFD87E1D5558FEA9992E2551320BE72\sketch\src\userQmkCompatibleKeyboard\USBHIDKeyboardMouse.c.rel
                                          [  ]
C:\Users\bitshen\AppData\Local\Temp\arduino\sketches\1DFD87E1D5558FEA9992E2551320BE72\sketch\src\userQmkCompatibleKeyboard\USBconstant.c.rel
                                          [  ]
C:\Users\bitshen\AppData\Local\Temp\arduino\sketches\1DFD87E1D5558FEA9992E2551320BE72\sketch\src\userQmkCompatibleKeyboard\USBhandler.c.rel
                                          [  ]
C:\Users\bitshen\AppData\Local\Temp\arduino\sketches\1DFD87E1D5558FEA9992E2551320BE72\sketch\src\userQmkCompatibleKeyboard\osDetection.c.rel
                                          [  ]
C:\Users\bitshen\AppData\Local\Temp\arduino\sketches\1DFD87E1D5558FEA9992E2551320BE72\sketch\src\userQmkCompatibleKeyboard\rgbLight.c.rel
                                          [  ]
C:\Users\bitshen\AppData\Local\Temp\arduino\sketches\1DFD87E1D5558FEA9992E2551320BE72\sketch\src\userQmkCompatibleKeyboard\via.c.rel
                                          [  ]
C:\Users\bitshen\AppData\Local\Temp\arduino\sketches\1DFD87E1D5558FEA9992E2551320BE72\libraries\WS2812\WS2812.c.rel
                                          [  ]


Libraries Linked                          [ object file ]

C:\Users\bitshen\AppData\Local\Temp\arduino\sketches\1DFD87E1D5558FEA9992E2551320BE72/..\..\cores\9becc5894de6aaaf6e23db248649d931\core.lib
                                          [ eeprom.c.rel ]
C:\Users\bitshen\AppData\Local\Temp\arduino\sketches\1DFD87E1D5558FEA9992E2551320BE72/..\..\cores\9becc5894de6aaaf6e23db248649d931\core.lib
                                          [ main.c.rel ]
C:\Users\bitshen\AppData\Local\Arduino15\packages\CH55xDuino\tools\sdcc\build.13407_4/lib/large_int_calc_stack_auto/mcs51.lib
                                          [ crtclear.rel ]
C:\Users\bitshen\AppData\Local\Arduino15\packages\CH55xDuino\tools\sdcc\build.13407_4/lib/large_int_calc_stack_auto/libsdcc.lib
                                          [ __memcpy.rel ]
C:\Users\bitshen\AppData\Local\Arduino15\packages\CH55xDuino\tools\sdcc\build.13407_4/lib/large_int_calc_stack_auto/libsdcc.lib
                                          [ _memset.rel ]
C:\Users\bitshen\AppData\Local\Temp\arduino\sketches\1DFD87E1D5558FEA9992E2551320BE72/..\..\cores\9becc5894de6aaaf6e23db248649d931\core.lib
                                          [ wiring_digital.c.rel ]
C:\Users\bitshen\AppData\Local\Arduino15\packages\CH55xDuino\tools\sdcc\build.13407_4/lib/large_int_calc_stack_auto/mcs51.lib
                                          [ crtxinit.rel ]
C:\Users\bitshen\AppData\Local\Temp\arduino\sketches\1DFD87E1D5558FEA9992E2551320BE72/..\..\cores\9becc5894de6aaaf6e23db248649d931\core.lib
                                          [ wiring_analog.c.rel ]
C:\Users\bitshen\AppData\Local\Temp\arduino\sketches\1DFD87E1D5558FEA9992E2551320BE72/..\..\cores\9becc5894de6aaaf6e23db248649d931\core.lib
                                          [ Print.c.rel ]
C:\Users\bitshen\AppData\Local\Temp\arduino\sketches\1DFD87E1D5558FEA9992E2551320BE72/..\..\cores\9becc5894de6aaaf6e23db248649d931\core.lib
                                          [ wiring.c.rel ]
C:\Users\bitshen\AppData\Local\Arduino15\packages\CH55xDuino\tools\sdcc\build.13407_4/lib/large_int_calc_stack_auto/libsdcc.lib
                                          [ _gptrput.rel ]
C:\Users\bitshen\AppData\Local\Arduino15\packages\CH55xDuino\tools\sdcc\build.13407_4/lib/large_int_calc_stack_auto/libint.lib
                                          [ _mulint.rel ]
C:\Users\bitshen\AppData\Local\Temp\arduino\sketches\1DFD87E1D5558FEA9992E2551320BE72/..\..\cores\9becc5894de6aaaf6e23db248649d931\core.lib
                                          [ genericPrintSerial0.c.rel ]
C:\Users\bitshen\AppData\Local\Temp\arduino\sketches\1DFD87E1D5558FEA9992E2551320BE72/..\..\cores\9becc5894de6aaaf6e23db248649d931\core.lib
                                          [ weakOverrideGPIO.c.rel ]
C:\Users\bitshen\AppData\Local\Temp\arduino\sketches\1DFD87E1D5558FEA9992E2551320BE72/..\..\cores\9becc5894de6aaaf6e23db248649d931\core.lib
                                          [ weakOverrideTimer2.c.rel ]
C:\Users\bitshen\AppData\Local\Arduino15\packages\CH55xDuino\tools\sdcc\build.13407_4/lib/large_int_calc_stack_auto/mcs51.lib
                                          [ crtxclear.rel ]
C:\Users\bitshen\AppData\Local\Arduino15\packages\CH55xDuino\tools\sdcc\build.13407_4/lib/large_int_calc_stack_auto/liblong.lib
                                          [ _modulong.rel ]
C:\Users\bitshen\AppData\Local\Arduino15\packages\CH55xDuino\tools\sdcc\build.13407_4/lib/large_int_calc_stack_auto/liblong.lib
                                          [ _divulong.rel ]
C:\Users\bitshen\AppData\Local\Temp\arduino\sketches\1DFD87E1D5558FEA9992E2551320BE72/optionalLink.lib
                                          [ optionalLink_WS2812_P3_4.c.rel ]
C:\Users\bitshen\AppData\Local\Arduino15\packages\CH55xDuino\tools\sdcc\build.13407_4/lib/large_int_calc_stack_auto/mcs51.lib
                                          [ crtcall.rel ]
C:\Users\bitshen\AppData\Local\Arduino15\packages\CH55xDuino\tools\sdcc\build.13407_4/lib/large_int_calc_stack_auto/libsdcc.lib
                                          [ _bp.rel ]
C:\Users\bitshen\AppData\Local\Arduino15\packages\CH55xDuino\tools\sdcc\build.13407_4/lib/large_int_calc_stack_auto/mcs51.lib
                                          [ crtpagesfr.rel ]
C:\Users\bitshen\AppData\Local\Temp\arduino\sketches\1DFD87E1D5558FEA9992E2551320BE72/..\..\cores\9becc5894de6aaaf6e23db248649d931\core.lib
                                          [ WInterrupts.c.rel ]
C:\Users\bitshen\AppData\Local\Temp\arduino\sketches\1DFD87E1D5558FEA9992E2551320BE72/..\..\cores\9becc5894de6aaaf6e23db248649d931\core.lib
                                          [ HardwareSerial0.c.rel ]
C:\Users\bitshen\AppData\Local\Arduino15\packages\CH55xDuino\tools\sdcc\build.13407_4/lib/large_int_calc_stack_auto/mcs51.lib
                                          [ crtstart.rel ]
C:\Users\bitshen\AppData\Local\Arduino15\packages\CH55xDuino\tools\sdcc\build.13407_4/lib/large_int_calc_stack_auto/libsdcc.lib
                                          [ _gptrget.rel ]
C:\Users\bitshen\AppData\Local\Arduino15\packages\CH55xDuino\tools\sdcc\build.13407_4/lib/large_int_calc_stack_auto/libint.lib
                                          [ _moduint.rel ]
C:\Users\bitshen\AppData\Local\Temp\arduino\sketches\1DFD87E1D5558FEA9992E2551320BE72/..\..\cores\9becc5894de6aaaf6e23db248649d931\core.lib
                                          [ HardwareSerial0ISR.c.rel ]
C:\Users\bitshen\AppData\Local\Temp\arduino\sketches\1DFD87E1D5558FEA9992E2551320BE72/..\..\cores\9becc5894de6aaaf6e23db248649d931\core.lib
                                          [ HardwareSerial1ISR.c.rel ]
C:\Users\bitshen\AppData\Local\Arduino15\packages\CH55xDuino\tools\sdcc\build.13407_4/lib/large_int_calc_stack_auto/libint.lib
                                          [ _divsint.rel ]
C:\Users\bitshen\AppData\Local\Arduino15\packages\CH55xDuino\tools\sdcc\build.13407_4/lib/large_int_calc_stack_auto/libint.lib
                                          [ _divuint.rel ]
C:\Users\bitshen\AppData\Local\Arduino15\packages\CH55xDuino\tools\sdcc\build.13407_4/lib/large_int_calc_stack_auto/libsdcc.lib
                                          [ _startup.rel ]
C:\Users\bitshen\AppData\Local\Arduino15\packages\CH55xDuino\tools\sdcc\build.13407_4/lib/large_int_calc_stack_auto/libint.lib
                                          [ _modsint.rel ]

ASxxxx Linker V03.00 + NoICE + sdld,  page 33.

User Base Address Definitions

HOME = 0x0000
XSEG = 0x010a
PSEG = 0x010a
ISEG = 0x0000
BSEG = 0x0000

